2026-07-19 15:38:58 | INFO     | logger:setup_logger:42 - 日志系统初始化完成，日志文件: logs/fuel_records.log
2026-07-19 15:39:22 | INFO     | logger:setup_logger:42 - 日志系统初始化完成，日志文件: logs/fuel_records.log
2026-07-19 15:39:22 | INFO     | database:init_db:50 - 数据库表结构已创建/验证完成
2026-07-19 15:39:26 | INFO     | logger:setup_logger:42 - 日志系统初始化完成，日志文件: logs/fuel_records.log
2026-07-19 15:39:26 | INFO     | logger:setup_logger:42 - 日志系统初始化完成，日志文件: logs/fuel_records.log
2026-07-19 15:39:27 | INFO     | logger:setup_logger:42 - 日志系统初始化完成，日志文件: logs/fuel_records.log
2026-07-19 15:39:27 | INFO     | logger:setup_logger:42 - 日志系统初始化完成，日志文件: logs/fuel_records.log
2026-07-19 15:39:27 | INFO     | logger:setup_logger:42 - 日志系统初始化完成，日志文件: logs/fuel_records.log
2026-07-19 15:39:27 | INFO     | main:lifespan:18 - 应用启动中...
2026-07-19 15:39:27 | INFO     | database:init_db:50 - 数据库表结构已创建/验证完成
2026-07-19 15:39:27 | INFO     | main:lifespan:20 - 应用启动完成
2026-07-19 16:33:03 | INFO     | main:lifespan:22 - 应用关闭
2026-07-19 16:37:40 | INFO     | logger:setup_logger:42 - 日志系统初始化完成，日志文件: logs/fuel_records.log
2026-07-19 16:37:40 | INFO     | logger:setup_logger:42 - 日志系统初始化完成，日志文件: logs/fuel_records.log
2026-07-19 16:37:41 | INFO     | logger:setup_logger:42 - 日志系统初始化完成，日志文件: logs/fuel_records.log
2026-07-19 16:37:41 | INFO     | logger:setup_logger:42 - 日志系统初始化完成，日志文件: logs/fuel_records.log
2026-07-19 16:37:41 | INFO     | logger:setup_logger:42 - 日志系统初始化完成，日志文件: logs/fuel_records.log
2026-07-19 16:37:41 | INFO     | main:lifespan:18 - 应用启动中...
2026-07-19 16:37:41 | INFO     | database:init_db:50 - 数据库表结构已创建/验证完成
2026-07-19 16:37:41 | INFO     | main:lifespan:20 - 应用启动完成
2026-07-19 17:07:39 | INFO     | logger:setup_logger:42 - 日志系统初始化完成，日志文件: logs/fuel_records.log
2026-07-19 17:07:39 | INFO     | logger:setup_logger:42 - 日志系统初始化完成，日志文件: logs/fuel_records.log
2026-07-19 17:07:40 | INFO     | logger:setup_logger:42 - 日志系统初始化完成，日志文件: logs/fuel_records.log
2026-07-19 17:07:40 | INFO     | logger:setup_logger:42 - 日志系统初始化完成，日志文件: logs/fuel_records.log
2026-07-19 17:07:40 | INFO     | logger:setup_logger:42 - 日志系统初始化完成，日志文件: logs/fuel_records.log
2026-07-19 17:07:40 | INFO     | main:lifespan:18 - 应用启动中...
2026-07-19 17:07:40 | INFO     | database:init_db:50 - 数据库表结构已创建/验证完成
2026-07-19 17:07:40 | INFO     | main:lifespan:20 - 应用启动完成
2026-07-19 17:07:53 | INFO     | main:lifespan:22 - 应用关闭
2026-07-19 18:27:43 | INFO     | logger:setup_logger:48 - 日志系统初始化完成，日志文件: logs/fuel_records.log
2026-07-19 18:27:43 | INFO     | logger:setup_logger:48 - 日志系统初始化完成，日志文件: logs/fuel_records.log
2026-07-19 18:27:44 | INFO     | logger:setup_logger:48 - 日志系统初始化完成，日志文件: logs/fuel_records.log
2026-07-19 18:27:44 | INFO     | logger:setup_logger:48 - 日志系统初始化完成，日志文件: logs/fuel_records.log
2026-07-19 18:27:44 | INFO     | logger:setup_logger:48 - 日志系统初始化完成，日志文件: logs/fuel_records.log
2026-07-19 18:27:44 | INFO     | main:lifespan:18 - 应用启动中...
2026-07-19 18:27:44 | INFO     | database:init_db:50 - 数据库表结构已创建/验证完成
2026-07-19 18:27:44 | INFO     | main:lifespan:20 - 应用启动完成
2026-07-22 08:37:29 | INFO     | logger:setup_logger:48 - 日志系统初始化完成，日志文件: logs/fuel_records.log
2026-07-22 08:37:29 | INFO     | logger:setup_logger:48 - 日志系统初始化完成，日志文件: logs/fuel_records.log
2026-07-22 08:37:30 | INFO     | logger:setup_logger:48 - 日志系统初始化完成，日志文件: logs/fuel_records.log
2026-07-22 08:37:30 | INFO     | logger:setup_logger:48 - 日志系统初始化完成，日志文件: logs/fuel_records.log
2026-07-22 08:37:30 | INFO     | logger:setup_logger:48 - 日志系统初始化完成，日志文件: logs/fuel_records.log
2026-07-22 08:37:30 | INFO     | main:lifespan:19 - 应用启动中...
2026-07-22 08:37:30 | INFO     | database:init_db:63 - 数据库表结构已创建/验证完成
2026-07-22 08:37:30 | INFO     | main:lifespan:21 - 应用启动完成
2026-07-22 08:48:39 | INFO     | main:lifespan:23 - 应用关闭
2026-07-22 08:48:39 | INFO     | logger:setup_logger:48 - 日志系统初始化完成，日志文件: logs/fuel_records.log
2026-07-22 08:48:39 | INFO     | logger:setup_logger:48 - 日志系统初始化完成，日志文件: logs/fuel_records.log
2026-07-22 08:48:40 | INFO     | logger:setup_logger:48 - 日志系统初始化完成，日志文件: logs/fuel_records.log
2026-07-22 08:48:40 | INFO     | main:lifespan:19 - 应用启动中...
2026-07-22 08:48:40 | INFO     | database:init_db:63 - 数据库表结构已创建/验证完成
2026-07-22 08:48:40 | INFO     | main:lifespan:21 - 应用启动完成
2026-07-22 17:22:26 | INFO     | logger:setup_logger:48 - 日志系统初始化完成，日志文件: logs/fuel_records.log
2026-07-22 17:22:26 | INFO     | logger:setup_logger:48 - 日志系统初始化完成，日志文件: logs/fuel_records.log
2026-07-22 17:22:26 | INFO     | main:lifespan:19 - 应用启动中...
2026-07-22 17:22:26 | INFO     | database:init_db:63 - 数据库表结构已创建/验证完成
2026-07-22 17:22:26 | INFO     | main:lifespan:21 - 应用启动完成
2026-07-22 17:22:49 | INFO     | logger:setup_logger:48 - 日志系统初始化完成，日志文件: logs/fuel_records.log
2026-07-22 17:22:49 | INFO     | logger:setup_logger:48 - 日志系统初始化完成，日志文件: logs/fuel_records.log
2026-07-22 17:22:50 | INFO     | main:lifespan:19 - 应用启动中...
2026-07-22 17:22:50 | INFO     | database:init_db:63 - 数据库表结构已创建/验证完成
2026-07-22 17:22:50 | INFO     | main:lifespan:21 - 应用启动完成
2026-07-22 17:22:56 | INFO     | main:lifespan:23 - 应用关闭
2026-07-22 17:23:10 | INFO     | logger:setup_logger:48 - 日志系统初始化完成，日志文件: logs/fuel_records.log
2026-07-22 17:23:10 | INFO     | logger:setup_logger:48 - 日志系统初始化完成，日志文件: logs/fuel_records.log
2026-07-22 17:23:10 | INFO     | main:lifespan:19 - 应用启动中...
2026-07-22 17:23:10 | INFO     | database:init_db:63 - 数据库表结构已创建/验证完成
2026-07-22 17:23:10 | INFO     | main:lifespan:21 - 应用启动完成
2026-07-22 17:38:31 | INFO     | logger:setup_logger:48 - 日志系统初始化完成，日志文件: logs/fuel_records.log
2026-07-22 17:38:31 | INFO     | logger:setup_logger:48 - 日志系统初始化完成，日志文件: logs/fuel_records.log
2026-07-22 17:38:32 | INFO     | logger:setup_logger:48 - 日志系统初始化完成，日志文件: logs/fuel_records.log
2026-07-22 17:38:32 | INFO     | logger:setup_logger:48 - 日志系统初始化完成，日志文件: logs/fuel_records.log
2026-07-22 17:38:32 | INFO     | logger:setup_logger:48 - 日志系统初始化完成，日志文件: logs/fuel_records.log
2026-07-22 17:38:32 | INFO     | main:lifespan:19 - 应用启动中...
2026-07-22 17:38:32 | INFO     | database:init_db:63 - 数据库表结构已创建/验证完成
2026-07-22 17:38:32 | INFO     | main:lifespan:21 - 应用启动完成
2026-07-22 17:50:08 | INFO     | main:lifespan:23 - 应用关闭
2026-07-28 09:11:41 | INFO     | logger:setup_logger:48 - 日志系统初始化完成，日志文件: logs/fuel_records.log
2026-07-28 09:11:41 | INFO     | logger:setup_logger:48 - 日志系统初始化完成，日志文件: logs/fuel_records.log
2026-07-28 09:11:41 | INFO     | main:lifespan:19 - 应用启动中...
2026-07-28 09:11:41 | INFO     | database:init_db:64 - 数据库表结构已创建/验证完成
2026-07-28 09:11:41 | INFO     | main:lifespan:21 - 应用启动完成
2026-07-28 09:11:44 | INFO     | main:lifespan:23 - 应用关闭
2026-07-28 09:11:56 | INFO     | logger:setup_logger:48 - 日志系统初始化完成，日志文件: logs/fuel_records.log
2026-07-28 09:11:56 | INFO     | logger:setup_logger:48 - 日志系统初始化完成，日志文件: logs/fuel_records.log
2026-07-28 09:11:56 | INFO     | main:lifespan:19 - 应用启动中...
2026-07-28 09:11:56 | INFO     | database:init_db:64 - 数据库表结构已创建/验证完成
2026-07-28 09:11:56 | INFO     | main:lifespan:21 - 应用启动完成
2026-07-28 09:12:03 | INFO     | main:lifespan:23 - 应用关闭
2026-07-28 09:12:22 | INFO     | logger:setup_logger:48 - 日志系统初始化完成，日志文件: logs/fuel_records.log
2026-07-28 09:12:22 | INFO     | logger:setup_logger:48 - 日志系统初始化完成，日志文件: logs/fuel_records.log
2026-07-28 09:12:22 | INFO     | main:lifespan:19 - 应用启动中...
2026-07-28 09:12:22 | INFO     | database:init_db:64 - 数据库表结构已创建/验证完成
2026-07-28 09:12:22 | INFO     | main:lifespan:21 - 应用启动完成
2026-07-28 16:14:36 | INFO     | logger:setup_logger:48 - 日志系统初始化完成，日志文件: logs/fuel_records.log
2026-07-28 16:14:36 | INFO     | logger:setup_logger:48 - 日志系统初始化完成，日志文件: logs/fuel_records.log
2026-07-28 16:15:23 | INFO     | logger:setup_logger:48 - 日志系统初始化完成，日志文件: logs/fuel_records.log
2026-07-28 16:15:23 | INFO     | logger:setup_logger:48 - 日志系统初始化完成，日志文件: logs/fuel_records.log
2026-07-28 16:15:23 | INFO     | main:lifespan:19 - 应用启动中...
2026-07-28 16:15:23 | INFO     | database:init_db:64 - 数据库表结构已创建/验证完成
2026-07-28 16:15:23 | INFO     | main:lifespan:21 - 应用启动完成
2026-07-28 16:15:23 | INFO     | main:lifespan:23 - 应用关闭
2026-07-28 16:15:55 | INFO     | logger:setup_logger:48 - 日志系统初始化完成，日志文件: logs/fuel_records.log
2026-07-28 16:15:55 | INFO     | logger:setup_logger:48 - 日志系统初始化完成，日志文件: logs/fuel_records.log
2026-07-28 16:15:55 | INFO     | main:lifespan:19 - 应用启动中...
2026-07-28 16:15:55 | INFO     | database:init_db:64 - 数据库表结构已创建/验证完成
2026-07-28 16:15:55 | INFO     | main:lifespan:21 - 应用启动完成
2026-07-28 16:22:19 | INFO     | main:lifespan:23 - 应用关闭
2026-07-28 16:22:21 | INFO     | logger:setup_logger:48 - 日志系统初始化完成，日志文件: logs/fuel_records.log
2026-07-28 16:22:21 | INFO     | logger:setup_logger:48 - 日志系统初始化完成，日志文件: logs/fuel_records.log
2026-07-28 16:22:21 | INFO     | main:lifespan:19 - 应用启动中...
2026-07-28 16:22:21 | INFO     | database:init_db:64 - 数据库表结构已创建/验证完成
2026-07-28 16:22:21 | INFO     | main:lifespan:21 - 应用启动完成
2026-07-29 08:08:09 | INFO     | logger:setup_logger:48 - 日志系统初始化完成，日志文件: logs/fuel_records.log
2026-07-29 08:08:19 | INFO     | logger:setup_logger:48 - 日志系统初始化完成，日志文件: logs/fuel_records.log
2026-07-29 08:08:23 | INFO     | logger:setup_logger:48 - 日志系统初始化完成，日志文件: logs/fuel_records.log
2026-07-29 08:08:23 | INFO     | logger:setup_logger:48 - 日志系统初始化完成，日志文件: logs/fuel_records.log
2026-07-29 08:08:23 | INFO     | main:lifespan:19 - 应用启动中...
2026-07-29 08:08:23 | INFO     | database:init_db:64 - 数据库表结构已创建/验证完成
2026-07-29 08:08:23 | INFO     | main:lifespan:21 - 应用启动完成
2026-07-29 08:08:23 | INFO     | main:lifespan:23 - 应用关闭
2026-07-29 08:08:28 | INFO     | logger:setup_logger:48 - 日志系统初始化完成，日志文件: logs/fuel_records.log
2026-07-29 08:08:28 | INFO     | logger:setup_logger:48 - 日志系统初始化完成，日志文件: logs/fuel_records.log
2026-07-29 08:08:28 | INFO     | main:lifespan:19 - 应用启动中...
2026-07-29 08:08:28 | INFO     | database:init_db:64 - 数据库表结构已创建/验证完成
2026-07-29 08:08:28 | INFO     | main:lifespan:21 - 应用启动完成
2026-07-29 08:08:28 | INFO     | main:lifespan:23 - 应用关闭
2026-07-29 08:08:33 | INFO     | logger:setup_logger:48 - 日志系统初始化完成，日志文件: logs/fuel_records.log
2026-07-29 08:08:33 | INFO     | logger:setup_logger:48 - 日志系统初始化完成，日志文件: logs/fuel_records.log
2026-07-29 08:08:33 | INFO     | main:lifespan:19 - 应用启动中...
2026-07-29 08:08:33 | INFO     | database:init_db:64 - 数据库表结构已创建/验证完成
2026-07-29 08:08:33 | INFO     | main:lifespan:21 - 应用启动完成
2026-07-29 08:08:33 | INFO     | main:lifespan:23 - 应用关闭
2026-07-29 08:08:38 | INFO     | logger:setup_logger:48 - 日志系统初始化完成，日志文件: logs/fuel_records.log
2026-07-29 08:08:38 | INFO     | logger:setup_logger:48 - 日志系统初始化完成，日志文件: logs/fuel_records.log
2026-07-29 08:08:38 | INFO     | main:lifespan:19 - 应用启动中...
2026-07-29 08:08:38 | INFO     | database:init_db:64 - 数据库表结构已创建/验证完成
2026-07-29 08:08:38 | INFO     | main:lifespan:21 - 应用启动完成
2026-07-29 11:18:57 | INFO     | logger:setup_logger:48 - 日志系统初始化完成，日志文件: logs/fuel_records.log
2026-07-29 11:19:12 | INFO     | logger:setup_logger:48 - 日志系统初始化完成，日志文件: logs/fuel_records.log
2026-07-29 11:19:19 | INFO     | logger:setup_logger:48 - 日志系统初始化完成，日志文件: logs/fuel_records.log
2026-07-29 11:19:19 | INFO     | logger:setup_logger:48 - 日志系统初始化完成，日志文件: logs/fuel_records.log
2026-07-29 11:19:19 | INFO     | main:lifespan:19 - 应用启动中...
2026-07-29 11:19:19 | INFO     | database:init_db:64 - 数据库表结构已创建/验证完成
2026-07-29 11:19:19 | INFO     | main:lifespan:21 - 应用启动完成
2026-07-29 11:19:19 | INFO     | main:lifespan:23 - 应用关闭
2026-07-29 11:19:36 | INFO     | logger:setup_logger:48 - 日志系统初始化完成，日志文件: logs/fuel_records.log
2026-07-29 11:19:36 | INFO     | logger:setup_logger:48 - 日志系统初始化完成，日志文件: logs/fuel_records.log
2026-07-29 11:19:36 | INFO     | main:lifespan:19 - 应用启动中...
2026-07-29 11:19:36 | INFO     | database:init_db:64 - 数据库表结构已创建/验证完成
2026-07-29 11:19:36 | INFO     | main:lifespan:21 - 应用启动完成
2026-07-29 11:33:19 | INFO     | logger:setup_logger:48 - 日志系统初始化完成，日志文件: logs/fuel_records.log
2026-07-29 11:33:35 | INFO     | logger:setup_logger:48 - 日志系统初始化完成，日志文件: logs/fuel_records.log
2026-07-29 11:33:36 | INFO     | logger:setup_logger:48 - 日志系统初始化完成，日志文件: logs/fuel_records.log
2026-07-29 11:33:41 | INFO     | logger:setup_logger:48 - 日志系统初始化完成，日志文件: logs/fuel_records.log
2026-07-29 11:33:41 | INFO     | logger:setup_logger:48 - 日志系统初始化完成，日志文件: logs/fuel_records.log
2026-07-29 11:33:41 | INFO     | main:lifespan:19 - 应用启动中...
2026-07-29 11:33:41 | INFO     | database:init_db:64 - 数据库表结构已创建/验证完成
2026-07-29 11:33:41 | INFO     | main:lifespan:21 - 应用启动完成
2026-07-29 11:33:41 | INFO     | main:lifespan:23 - 应用关闭
2026-07-29 11:33:46 | INFO     | logger:setup_logger:48 - 日志系统初始化完成，日志文件: logs/fuel_records.log
2026-07-29 11:33:46 | INFO     | logger:setup_logger:48 - 日志系统初始化完成，日志文件: logs/fuel_records.log
2026-07-29 11:33:46 | INFO     | main:lifespan:19 - 应用启动中...
2026-07-29 11:33:46 | INFO     | database:init_db:64 - 数据库表结构已创建/验证完成
2026-07-29 11:33:46 | INFO     | main:lifespan:21 - 应用启动完成
2026-07-29 11:33:46 | INFO     | main:lifespan:23 - 应用关闭
2026-07-29 11:33:51 | INFO     | logger:setup_logger:48 - 日志系统初始化完成，日志文件: logs/fuel_records.log
2026-07-29 11:33:51 | INFO     | logger:setup_logger:48 - 日志系统初始化完成，日志文件: logs/fuel_records.log
2026-07-29 11:33:51 | INFO     | main:lifespan:19 - 应用启动中...
2026-07-29 11:33:51 | INFO     | database:init_db:64 - 数据库表结构已创建/验证完成
2026-07-29 11:33:51 | INFO     | main:lifespan:21 - 应用启动完成
2026-07-29 13:22:09 | INFO     | logger:setup_logger:48 - 日志系统初始化完成，日志文件: logs/fuel_records.log
2026-07-29 13:22:09 | INFO     | logger:setup_logger:48 - 日志系统初始化完成，日志文件: logs/fuel_records.log
2026-07-29 13:22:13 | INFO     | logger:setup_logger:48 - 日志系统初始化完成，日志文件: logs/fuel_records.log
2026-07-29 13:22:13 | INFO     | logger:setup_logger:48 - 日志系统初始化完成，日志文件: logs/fuel_records.log
2026-07-29 13:22:14 | INFO     | main:lifespan:19 - 应用启动中...
2026-07-29 13:22:14 | INFO     | database:init_db:64 - 数据库表结构已创建/验证完成
2026-07-29 13:22:14 | INFO     | main:lifespan:21 - 应用启动完成
2026-07-29 15:21:37 | INFO     | main:lifespan:23 - 应用关闭
2026-07-29 15:21:37 | INFO     | main:lifespan:23 - 应用关闭
2026-07-29 15:21:37 | INFO     | main:lifespan:23 - 应用关闭
2026-07-29 16:08:24 | INFO     | logger:setup_logger:48 - 日志系统初始化完成，日志文件: logs/fuel_records.log
2026-07-29 16:08:24 | INFO     | logger:setup_logger:48 - 日志系统初始化完成，日志文件: logs/fuel_records.log
2026-07-29 16:30:36 | INFO     | logger:setup_logger:48 - 日志系统初始化完成，日志文件: logs/fuel_records.log
2026-07-29 16:30:36 | INFO     | logger:setup_logger:48 - 日志系统初始化完成，日志文件: logs/fuel_records.log
2026-07-29 16:30:36 | INFO     | main:lifespan:19 - 应用启动中...
2026-07-29 16:30:36 | INFO     | database:init_db:65 - 数据库表结构已创建/验证完成
2026-07-29 16:30:36 | INFO     | main:lifespan:21 - 应用启动完成
2026-07-29 16:30:36 | INFO     | main:lifespan:23 - 应用关闭
2026-07-29 16:30:52 | INFO     | logger:setup_logger:48 - 日志系统初始化完成，日志文件: logs/fuel_records.log
2026-07-29 16:30:52 | INFO     | logger:setup_logger:48 - 日志系统初始化完成，日志文件: logs/fuel_records.log
2026-07-29 16:30:52 | INFO     | main:lifespan:19 - 应用启动中...
2026-07-29 16:30:52 | INFO     | database:init_db:65 - 数据库表结构已创建/验证完成
2026-07-29 16:30:52 | INFO     | main:lifespan:21 - 应用启动完成
2026-07-29 16:33:48 | INFO     | logger:setup_logger:48 - 日志系统初始化完成，日志文件: logs/fuel_records.log
2026-07-29 16:33:48 | INFO     | logger:setup_logger:48 - 日志系统初始化完成，日志文件: logs/fuel_records.log
2026-07-29 16:33:48 | INFO     | main:lifespan:19 - 应用启动中...
2026-07-29 16:33:48 | INFO     | database:init_db:65 - 数据库表结构已创建/验证完成
2026-07-29 16:33:48 | INFO     | main:lifespan:21 - 应用启动完成
2026-07-29 16:49:49 | INFO     | logger:setup_logger:48 - 日志系统初始化完成，日志文件: logs/fuel_records.log
2026-07-29 16:49:49 | INFO     | logger:setup_logger:48 - 日志系统初始化完成，日志文件: logs/fuel_records.log
2026-07-29 16:49:49 | INFO     | main:lifespan:19 - 应用启动中...
2026-07-29 16:49:49 | INFO     | database:init_db:65 - 数据库表结构已创建/验证完成
2026-07-29 16:49:49 | INFO     | main:lifespan:21 - 应用启动完成
2026-07-29 18:21:40 | INFO     | logger:setup_logger:48 - 日志系统初始化完成，日志文件: logs/fuel_records.log
2026-07-29 18:21:40 | INFO     | logger:setup_logger:48 - 日志系统初始化完成，日志文件: logs/fuel_records.log
2026-07-29 18:22:26 | INFO     | logger:setup_logger:48 - 日志系统初始化完成，日志文件: logs/fuel_records.log
2026-07-29 18:22:26 | INFO     | logger:setup_logger:48 - 日志系统初始化完成，日志文件: logs/fuel_records.log
2026-07-29 18:22:26 | INFO     | main:lifespan:19 - 应用启动中...
2026-07-29 18:22:26 | INFO     | database:init_db:66 - 数据库表结构已创建/验证完成
2026-07-29 18:22:26 | INFO     | main:lifespan:21 - 应用启动完成
2026-07-29 18:22:29 | INFO     | main:lifespan:23 - 应用关闭
2026-07-29 18:23:04 | INFO     | logger:setup_logger:48 - 日志系统初始化完成，日志文件: logs/fuel_records.log
2026-07-29 18:23:04 | INFO     | logger:setup_logger:48 - 日志系统初始化完成，日志文件: logs/fuel_records.log
2026-07-29 18:23:05 | INFO     | main:lifespan:19 - 应用启动中...
2026-07-29 18:23:05 | INFO     | database:init_db:66 - 数据库表结构已创建/验证完成
2026-07-29 18:23:05 | INFO     | main:lifespan:21 - 应用启动完成
2026-07-29 18:23:08 | INFO     | main:lifespan:23 - 应用关闭
2026-07-29 18:25:48 | INFO     | logger:setup_logger:48 - 日志系统初始化完成，日志文件: logs/fuel_records.log
2026-07-29 18:25:48 | INFO     | logger:setup_logger:48 - 日志系统初始化完成，日志文件: logs/fuel_records.log
2026-07-29 19:28:36 | INFO     | main:lifespan:23 - 应用关闭
2026-07-29 19:28:37 | INFO     | logger:setup_logger:48 - 日志系统初始化完成，日志文件: logs/fuel_records.log
2026-07-29 19:28:37 | INFO     | logger:setup_logger:48 - 日志系统初始化完成，日志文件: logs/fuel_records.log
2026-07-29 19:28:37 | INFO     | main:lifespan:19 - 应用启动中...
2026-07-29 19:28:37 | DEBUG    | database:_migrate_add_column:67 - IF NOT EXISTS 方式失败，尝试 SQLite 兼容方式: (sqlite3.OperationalError) near "EXISTS": syntax error
[SQL: ALTER TABLE fuel_records ADD COLUMN IF NOT EXISTS vehicle_id INTEGER REFERENCES vehicles(id)]
(Background on this error at: https://sqlalche.me/e/20/e3q8)
2026-07-29 19:28:37 | DEBUG    | database:_migrate_add_column:77 - 迁移跳过（列可能已存在）: (sqlite3.OperationalError) duplicate column name: vehicle_id
[SQL: ALTER TABLE fuel_records ADD COLUMN vehicle_id INTEGER REFERENCES vehicles(id)]
(Background on this error at: https://sqlalche.me/e/20/e3q8)
2026-07-29 19:28:37 | INFO     | database:init_db:95 - 数据库表结构已创建/验证完成
2026-07-29 19:28:37 | INFO     | main:lifespan:21 - 应用启动完成
2026-07-29 19:45:01 | INFO     | main:lifespan:23 - 应用关闭
2026-07-29 19:45:02 | INFO     | logger:setup_logger:48 - 日志系统初始化完成，日志文件: logs/fuel_records.log
2026-07-29 19:45:02 | INFO     | logger:setup_logger:48 - 日志系统初始化完成，日志文件: logs/fuel_records.log
2026-07-29 19:45:02 | INFO     | main:lifespan:19 - 应用启动中...
2026-07-29 19:45:02 | DEBUG    | database:_migrate_add_column:67 - IF NOT EXISTS 方式失败，尝试 SQLite 兼容方式: (sqlite3.OperationalError) near "EXISTS": syntax error
[SQL: ALTER TABLE fuel_records ADD COLUMN IF NOT EXISTS vehicle_id INTEGER REFERENCES vehicles(id)]
(Background on this error at: https://sqlalche.me/e/20/e3q8)
2026-07-29 19:45:02 | DEBUG    | database:_migrate_add_column:77 - 迁移跳过（列可能已存在）: (sqlite3.OperationalError) duplicate column name: vehicle_id
[SQL: ALTER TABLE fuel_records ADD COLUMN vehicle_id INTEGER REFERENCES vehicles(id)]
(Background on this error at: https://sqlalche.me/e/20/e3q8)
2026-07-29 19:45:02 | INFO     | database:init_db:95 - 数据库表结构已创建/验证完成
2026-07-29 19:45:02 | INFO     | main:lifespan:21 - 应用启动完成
2026-07-29 20:40:23 | INFO     | logger:setup_logger:48 - 日志系统初始化完成，日志文件: logs/fuel_records.log
2026-07-29 20:40:23 | INFO     | logger:setup_logger:48 - 日志系统初始化完成，日志文件: logs/fuel_records.log
2026-07-29 20:40:23 | INFO     | main:lifespan:19 - 应用启动中...
2026-07-29 20:40:23 | DEBUG    | database:_migrate_add_column:67 - IF NOT EXISTS 方式失败，尝试 SQLite 兼容方式: (sqlite3.OperationalError) near "EXISTS": syntax error
[SQL: ALTER TABLE fuel_records ADD COLUMN IF NOT EXISTS vehicle_id INTEGER REFERENCES vehicles(id)]
(Background on this error at: https://sqlalche.me/e/20/e3q8)
2026-07-29 20:40:23 | DEBUG    | database:_migrate_add_column:77 - 迁移跳过（列可能已存在）: (sqlite3.OperationalError) duplicate column name: vehicle_id
[SQL: ALTER TABLE fuel_records ADD COLUMN vehicle_id INTEGER REFERENCES vehicles(id)]
(Background on this error at: https://sqlalche.me/e/20/e3q8)
2026-07-29 20:40:23 | INFO     | database:init_db:95 - 数据库表结构已创建/验证完成
2026-07-29 20:40:23 | INFO     | main:lifespan:21 - 应用启动完成
2026-07-30 09:01:10 | INFO     | logger:setup_logger:48 - 日志系统初始化完成，日志文件: logs/fuel_records.log
2026-07-30 09:01:10 | INFO     | logger:setup_logger:48 - 日志系统初始化完成，日志文件: logs/fuel_records.log
2026-07-30 09:01:10 | INFO     | main:lifespan:19 - 应用启动中...
2026-07-30 09:01:10 | DEBUG    | database:_migrate_add_column:67 - IF NOT EXISTS 方式失败，尝试 SQLite 兼容方式: (sqlite3.OperationalError) near "EXISTS": syntax error
[SQL: ALTER TABLE fuel_records ADD COLUMN IF NOT EXISTS vehicle_id INTEGER REFERENCES vehicles(id)]
(Background on this error at: https://sqlalche.me/e/20/e3q8)
2026-07-30 09:01:10 | DEBUG    | database:_migrate_add_column:77 - 迁移跳过（列可能已存在）: (sqlite3.OperationalError) duplicate column name: vehicle_id
[SQL: ALTER TABLE fuel_records ADD COLUMN vehicle_id INTEGER REFERENCES vehicles(id)]
(Background on this error at: https://sqlalche.me/e/20/e3q8)
2026-07-30 09:01:10 | INFO     | database:init_db:95 - 数据库表结构已创建/验证完成
2026-07-30 09:01:10 | INFO     | main:lifespan:21 - 应用启动完成
2026-07-30 09:01:10 | INFO     | main:lifespan:23 - 应用关闭
2026-07-30 09:03:18 | INFO     | logger:setup_logger:48 - 日志系统初始化完成，日志文件: logs/fuel_records.log
2026-07-30 09:03:18 | INFO     | logger:setup_logger:48 - 日志系统初始化完成，日志文件: logs/fuel_records.log
2026-07-30 09:03:18 | INFO     | main:lifespan:19 - 应用启动中...
2026-07-30 09:03:18 | DEBUG    | database:_migrate_add_column:67 - IF NOT EXISTS 方式失败，尝试 SQLite 兼容方式: (sqlite3.OperationalError) near "EXISTS": syntax error
[SQL: ALTER TABLE fuel_records ADD COLUMN IF NOT EXISTS vehicle_id INTEGER REFERENCES vehicles(id)]
(Background on this error at: https://sqlalche.me/e/20/e3q8)
2026-07-30 09:03:18 | DEBUG    | database:_migrate_add_column:77 - 迁移跳过（列可能已存在）: (sqlite3.OperationalError) duplicate column name: vehicle_id
[SQL: ALTER TABLE fuel_records ADD COLUMN vehicle_id INTEGER REFERENCES vehicles(id)]
(Background on this error at: https://sqlalche.me/e/20/e3q8)
2026-07-30 09:03:18 | INFO     | database:init_db:95 - 数据库表结构已创建/验证完成
2026-07-30 09:03:18 | INFO     | main:lifespan:21 - 应用启动完成
2026-07-30 09:03:57 | INFO     | logger:setup_logger:48 - 日志系统初始化完成，日志文件: logs/fuel_records.log
2026-07-30 09:03:57 | INFO     | logger:setup_logger:48 - 日志系统初始化完成，日志文件: logs/fuel_records.log
2026-07-30 09:03:57 | INFO     | main:lifespan:19 - 应用启动中...
2026-07-30 09:03:57 | DEBUG    | database:_migrate_add_column:67 - IF NOT EXISTS 方式失败，尝试 SQLite 兼容方式: (sqlite3.OperationalError) near "EXISTS": syntax error
[SQL: ALTER TABLE fuel_records ADD COLUMN IF NOT EXISTS vehicle_id INTEGER REFERENCES vehicles(id)]
(Background on this error at: https://sqlalche.me/e/20/e3q8)
2026-07-30 09:03:57 | DEBUG    | database:_migrate_add_column:77 - 迁移跳过（列可能已存在）: (sqlite3.OperationalError) duplicate column name: vehicle_id
[SQL: ALTER TABLE fuel_records ADD COLUMN vehicle_id INTEGER REFERENCES vehicles(id)]
(Background on this error at: https://sqlalche.me/e/20/e3q8)
2026-07-30 09:03:57 | INFO     | database:init_db:95 - 数据库表结构已创建/验证完成
2026-07-30 09:03:57 | INFO     | main:lifespan:21 - 应用启动完成
2026-07-30 09:12:26 | INFO     | logger:setup_logger:48 - 日志系统初始化完成，日志文件: logs/fuel_records.log
2026-07-30 09:12:37 | INFO     | logger:setup_logger:48 - 日志系统初始化完成，日志文件: logs/fuel_records.log
2026-07-30 09:20:02 | INFO     | logger:setup_logger:48 - 日志系统初始化完成，日志文件: logs/fuel_records.log
2026-07-30 09:20:02 | INFO     | database:init_db:76 - 数据库迁移已完成（Alembic upgrade head）
2026-07-30 09:20:23 | INFO     | logger:setup_logger:48 - 日志系统初始化完成，日志文件: logs/fuel_records.log
2026-07-30 09:20:23 | INFO     | logger:setup_logger:48 - 日志系统初始化完成，日志文件: logs/fuel_records.log
2026-07-30 09:22:56 | INFO     | logger:setup_logger:48 - 日志系统初始化完成，日志文件: logs/fuel_records.log
2026-07-30 09:22:56 | INFO     | logger:setup_logger:48 - 日志系统初始化完成，日志文件: logs/fuel_records.log
2026-07-30 09:22:56 | INFO     | logger:setup_logger:48 - 日志系统初始化完成，日志文件: logs/fuel_records.log
2026-07-30 09:22:56 | INFO     | logger:setup_logger:48 - 日志系统初始化完成，日志文件: logs/fuel_records.log
2026-07-30 09:22:56 | INFO     | logger:setup_logger:48 - 日志系统初始化完成，日志文件: logs/fuel_records.log
2026-07-30 09:22:56 | INFO     | main:lifespan:19 - 应用启动中...
2026-07-30 09:22:56 | INFO     | database:init_db:76 - 数据库迁移已完成（Alembic upgrade head）
2026-07-30 09:22:56 | INFO     | main:lifespan:21 - 应用启动完成
2026-07-30 09:42:16 | INFO     | logger:setup_logger:48 - 日志系统初始化完成，日志文件: logs/fuel_records.log
2026-07-30 09:44:20 | INFO     | logger:setup_logger:48 - 日志系统初始化完成，日志文件: logs/fuel_records.log
2026-07-30 09:46:02 | INFO     | logger:setup_logger:48 - 日志系统初始化完成，日志文件: logs/fuel_records.log
2026-07-30 09:49:31 | INFO     | logger:setup_logger:48 - 日志系统初始化完成，日志文件: logs/fuel_records.log
2026-07-30 09:51:03 | INFO     | logger:setup_logger:48 - 日志系统初始化完成，日志文件: logs/fuel_records.log
2026-07-30 09:54:15 | INFO     | logger:setup_logger:48 - 日志系统初始化完成，日志文件: logs/fuel_records.log
2026-07-30 09:54:15 | INFO     | logger:setup_logger:48 - 日志系统初始化完成，日志文件: logs/fuel_records.log
2026-07-30 09:54:15 | INFO     | logger:setup_logger:48 - 日志系统初始化完成，日志文件: logs/fuel_records.log
2026-07-30 09:54:15 | INFO     | logger:setup_logger:48 - 日志系统初始化完成，日志文件: logs/fuel_records.log
2026-07-30 09:54:15 | INFO     | logger:setup_logger:48 - 日志系统初始化完成，日志文件: logs/fuel_records.log
2026-07-30 09:54:15 | INFO     | main:lifespan:19 - 应用启动中...
2026-07-30 09:54:15 | INFO     | database:init_db:76 - 数据库迁移已完成（Alembic upgrade head）
2026-07-30 09:54:15 | INFO     | main:lifespan:21 - 应用启动完成
2026-07-30 09:54:23 | INFO     | logger:setup_logger:48 - 日志系统初始化完成，日志文件: logs/fuel_records.log
2026-07-30 09:54:23 | INFO     | logger:setup_logger:48 - 日志系统初始化完成，日志文件: logs/fuel_records.log
2026-07-30 09:56:03 | INFO     | logger:setup_logger:48 - 日志系统初始化完成，日志文件: logs/fuel_records.log
2026-07-30 09:56:03 | INFO     | logger:setup_logger:48 - 日志系统初始化完成，日志文件: logs/fuel_records.log
2026-07-30 09:56:04 | INFO     | logger:setup_logger:48 - 日志系统初始化完成，日志文件: logs/fuel_records.log
2026-07-30 09:56:04 | INFO     | logger:setup_logger:48 - 日志系统初始化完成，日志文件: logs/fuel_records.log
2026-07-30 09:56:04 | INFO     | logger:setup_logger:48 - 日志系统初始化完成，日志文件: logs/fuel_records.log
2026-07-30 09:56:04 | INFO     | main:lifespan:19 - 应用启动中...
2026-07-30 09:56:04 | INFO     | database:init_db:76 - 数据库迁移已完成（Alembic upgrade head）
2026-07-30 09:56:04 | INFO     | main:lifespan:21 - 应用启动完成
2026-07-30 10:23:07 | INFO     | logger:setup_logger:48 - 日志系统初始化完成，日志文件: logs/fuel_records.log
2026-07-30 10:24:03 | INFO     | logger:setup_logger:48 - 日志系统初始化完成，日志文件: logs/fuel_records.log
2026-07-30 10:24:23 | INFO     | logger:setup_logger:48 - 日志系统初始化完成，日志文件: logs/fuel_records.log
2026-07-30 10:24:23 | INFO     | logger:setup_logger:48 - 日志系统初始化完成，日志文件: logs/fuel_records.log
2026-07-30 10:24:24 | INFO     | logger:setup_logger:48 - 日志系统初始化完成，日志文件: logs/fuel_records.log
2026-07-30 10:24:24 | INFO     | logger:setup_logger:48 - 日志系统初始化完成，日志文件: logs/fuel_records.log
2026-07-30 10:24:24 | INFO     | logger:setup_logger:48 - 日志系统初始化完成，日志文件: logs/fuel_records.log
2026-07-30 10:24:24 | INFO     | main:lifespan:19 - 应用启动中...
2026-07-30 10:24:24 | INFO     | database:init_db:76 - 数据库迁移已完成（Alembic upgrade head）
2026-07-30 10:24:24 | INFO     | main:lifespan:21 - 应用启动完成
2026-07-30 10:28:42 | INFO     | logger:setup_logger:48 - 日志系统初始化完成，日志文件: logs/fuel_records.log
2026-07-30 10:39:12 | INFO     | logger:setup_logger:48 - 日志系统初始化完成，日志文件: logs/fuel_records.log
2026-07-30 10:39:12 | INFO     | logger:setup_logger:48 - 日志系统初始化完成，日志文件: logs/fuel_records.log
2026-07-30 10:39:12 | INFO     | logger:setup_logger:48 - 日志系统初始化完成，日志文件: logs/fuel_records.log
2026-07-30 10:39:12 | INFO     | main:lifespan:19 - 应用启动中...
2026-07-30 10:39:12 | INFO     | database:init_db:76 - 数据库迁移已完成（Alembic upgrade head）
2026-07-30 10:39:12 | INFO     | main:lifespan:21 - 应用启动完成
2026-07-30 10:39:12 | INFO     | main:lifespan:23 - 应用关闭
2026-07-30 10:39:25 | INFO     | logger:setup_logger:48 - 日志系统初始化完成，日志文件: logs/fuel_records.log
2026-07-30 10:39:27 | INFO     | logger:setup_logger:48 - 日志系统初始化完成，日志文件: logs/fuel_records.log
2026-07-30 10:39:27 | INFO     | logger:setup_logger:48 - 日志系统初始化完成，日志文件: logs/fuel_records.log
2026-07-30 10:39:27 | INFO     | main:lifespan:19 - 应用启动中...
2026-07-30 10:39:27 | INFO     | database:init_db:76 - 数据库迁移已完成（Alembic upgrade head）
2026-07-30 10:39:27 | INFO     | main:lifespan:21 - 应用启动完成
2026-07-30 10:39:39 | INFO     | logger:setup_logger:48 - 日志系统初始化完成，日志文件: logs/fuel_records.log
2026-07-30 10:57:32 | INFO     | logger:setup_logger:48 - 日志系统初始化完成，日志文件: logs/fuel_records.log
2026-07-30 10:58:21 | INFO     | logger:setup_logger:48 - 日志系统初始化完成，日志文件: logs/fuel_records.log
2026-07-30 10:58:32 | INFO     | logger:setup_logger:48 - 日志系统初始化完成，日志文件: logs/fuel_records.log
2026-07-30 10:59:20 | INFO     | logger:setup_logger:48 - 日志系统初始化完成，日志文件: logs/fuel_records.log
2026-07-30 10:59:39 | INFO     | logger:setup_logger:48 - 日志系统初始化完成，日志文件: logs/fuel_records.log
2026-07-30 10:59:57 | INFO     | logger:setup_logger:48 - 日志系统初始化完成，日志文件: logs/fuel_records.log
2026-07-30 10:59:57 | INFO     | logger:setup_logger:48 - 日志系统初始化完成，日志文件: logs/fuel_records.log
2026-07-30 10:59:57 | INFO     | main:lifespan:19 - 应用启动中...
2026-07-30 10:59:57 | INFO     | database:init_db:76 - 数据库迁移已完成（Alembic upgrade head）
2026-07-30 10:59:57 | INFO     | main:lifespan:21 - 应用启动完成
2026-07-30 11:00:39 | INFO     | main:lifespan:23 - 应用关闭
2026-07-30 11:00:40 | INFO     | logger:setup_logger:48 - 日志系统初始化完成，日志文件: logs/fuel_records.log
2026-07-30 11:00:40 | INFO     | logger:setup_logger:48 - 日志系统初始化完成，日志文件: logs/fuel_records.log
2026-07-30 11:00:40 | INFO     | main:lifespan:19 - 应用启动中...
2026-07-30 11:00:40 | INFO     | database:init_db:76 - 数据库迁移已完成（Alembic upgrade head）
2026-07-30 11:00:40 | INFO     | main:lifespan:21 - 应用启动完成
2026-07-30 11:00:53 | INFO     | main:lifespan:23 - 应用关闭
2026-07-30 11:06:31 | INFO     | logger:setup_logger:48 - 日志系统初始化完成，日志文件: logs/fuel_records.log
2026-07-30 11:06:51 | INFO     | logger:setup_logger:48 - 日志系统初始化完成，日志文件: logs/fuel_records.log
2026-07-30 11:06:51 | INFO     | logger:setup_logger:48 - 日志系统初始化完成，日志文件: logs/fuel_records.log
2026-07-30 11:06:51 | INFO     | main:lifespan:19 - 应用启动中...
2026-07-30 11:06:51 | INFO     | database:init_db:76 - 数据库迁移已完成（Alembic upgrade head）
2026-07-30 11:06:51 | INFO     | main:lifespan:21 - 应用启动完成
2026-07-30 11:21:44 | INFO     | logger:setup_logger:48 - 日志系统初始化完成，日志文件: logs/fuel_records.log
2026-07-30 11:22:22 | INFO     | logger:setup_logger:48 - 日志系统初始化完成，日志文件: logs/fuel_records.log
2026-07-30 11:22:22 | INFO     | logger:setup_logger:48 - 日志系统初始化完成，日志文件: logs/fuel_records.log
2026-07-30 11:22:22 | INFO     | main:lifespan:19 - 应用启动中...
2026-07-30 11:22:22 | INFO     | database:init_db:76 - 数据库迁移已完成（Alembic upgrade head）
2026-07-30 11:22:22 | INFO     | main:lifespan:21 - 应用启动完成
2026-07-30 11:22:43 | INFO     | main:lifespan:23 - 应用关闭
2026-07-30 11:46:00 | INFO     | logger:setup_logger:48 - 日志系统初始化完成，日志文件: logs/fuel_records.log
2026-07-30 11:46:01 | INFO     | logger:setup_logger:48 - 日志系统初始化完成，日志文件: logs/fuel_records.log
2026-07-30 11:46:01 | INFO     | main:lifespan:19 - 应用启动中...
2026-07-30 11:46:01 | INFO     | database:init_db:76 - 数据库迁移已完成（Alembic upgrade head）
2026-07-30 11:46:01 | INFO     | main:lifespan:21 - 应用启动完成
2026-07-30 11:48:03 | INFO     | logger:setup_logger:48 - 日志系统初始化完成，日志文件: logs/fuel_records.log
2026-07-30 11:48:03 | INFO     | logger:setup_logger:48 - 日志系统初始化完成，日志文件: logs/fuel_records.log
2026-07-30 11:48:03 | INFO     | main:lifespan:19 - 应用启动中...
2026-07-30 11:48:03 | INFO     | database:init_db:76 - 数据库迁移已完成（Alembic upgrade head）
2026-07-30 11:48:03 | INFO     | main:lifespan:21 - 应用启动完成
2026-07-30 11:48:29 | INFO     | logger:setup_logger:48 - 日志系统初始化完成，日志文件: logs/fuel_records.log
2026-07-30 11:48:42 | INFO     | logger:setup_logger:48 - 日志系统初始化完成，日志文件: logs/fuel_records.log
2026-07-30 11:48:45 | INFO     | logger:setup_logger:48 - 日志系统初始化完成，日志文件: logs/fuel_records.log
2026-07-30 11:48:45 | INFO     | main:lifespan:19 - 应用启动中...
2026-07-30 11:49:14 | INFO     | logger:setup_logger:48 - 日志系统初始化完成，日志文件: logs/fuel_records.log
2026-07-30 11:49:14 | INFO     | logger:setup_logger:48 - 日志系统初始化完成，日志文件: logs/fuel_records.log
2026-07-30 11:49:14 | INFO     | main:lifespan:19 - 应用启动中...
2026-07-30 11:49:28 | INFO     | logger:setup_logger:48 - 日志系统初始化完成，日志文件: logs/fuel_records.log
2026-07-30 11:49:28 | INFO     | logger:setup_logger:48 - 日志系统初始化完成，日志文件: logs/fuel_records.log
2026-07-30 11:49:40 | INFO     | logger:setup_logger:48 - 日志系统初始化完成，日志文件: logs/fuel_records.log
2026-07-30 11:49:40 | INFO     | logger:setup_logger:48 - 日志系统初始化完成，日志文件: logs/fuel_records.log
2026-07-30 11:49:40 | INFO     | main:lifespan:19 - 应用启动中...
2026-07-30 11:50:24 | INFO     | logger:setup_logger:48 - 日志系统初始化完成，日志文件: logs/fuel_records.log
2026-07-30 11:50:24 | INFO     | logger:setup_logger:48 - 日志系统初始化完成，日志文件: logs/fuel_records.log
2026-07-30 11:50:24 | INFO     | main:lifespan:19 - 应用启动中...
2026-07-30 11:51:23 | INFO     | logger:setup_logger:48 - 日志系统初始化完成，日志文件: logs/fuel_records.log
2026-07-30 11:51:23 | INFO     | logger:setup_logger:48 - 日志系统初始化完成，日志文件: logs/fuel_records.log
2026-07-30 11:51:23 | INFO     | main:lifespan:19 - 应用启动中...
2026-07-30 11:51:23 | INFO     | database:init_db:76 - 数据库迁移已完成（Alembic upgrade head）
2026-07-30 11:51:23 | INFO     | main:lifespan:21 - 应用启动完成
2026-07-30 11:52:03 | INFO     | logger:setup_logger:48 - 日志系统初始化完成，日志文件: logs/fuel_records.log
2026-07-30 11:52:03 | INFO     | logger:setup_logger:48 - 日志系统初始化完成，日志文件: logs/fuel_records.log
2026-07-30 11:52:03 | INFO     | main:lifespan:19 - 应用启动中...
2026-07-30 11:52:03 | INFO     | database:init_db:76 - 数据库迁移已完成（Alembic upgrade head）
2026-07-30 11:52:03 | INFO     | main:lifespan:21 - 应用启动完成
2026-07-30 11:58:30 | INFO     | logger:setup_logger:48 - 日志系统初始化完成，日志文件: logs/fuel_records.log
2026-07-30 11:58:30 | INFO     | logger:setup_logger:48 - 日志系统初始化完成，日志文件: logs/fuel_records.log
2026-07-30 11:58:30 | INFO     | main:lifespan:19 - 应用启动中...
2026-07-30 11:58:39 | INFO     | logger:setup_logger:48 - 日志系统初始化完成，日志文件: logs/fuel_records.log
2026-07-30 11:59:00 | INFO     | logger:setup_logger:48 - 日志系统初始化完成，日志文件: logs/fuel_records.log
2026-07-30 11:59:13 | INFO     | logger:setup_logger:48 - 日志系统初始化完成，日志文件: logs/fuel_records.log
2026-07-30 11:59:21 | INFO     | logger:setup_logger:48 - 日志系统初始化完成，日志文件: logs/fuel_records.log
2026-07-30 11:59:21 | INFO     | logger:setup_logger:48 - 日志系统初始化完成，日志文件: logs/fuel_records.log
2026-07-30 11:59:21 | INFO     | main:lifespan:19 - 应用启动中...
2026-07-30 11:59:23 | INFO     | database:init_db:78 - 数据库迁移已完成（Alembic upgrade head）
2026-07-30 11:59:23 | INFO     | main:lifespan:21 - 应用启动完成
2026-07-30 14:12:43 | INFO     | logger:setup_logger:48 - 日志系统初始化完成，日志文件: logs/fuel_records.log
2026-07-30 14:12:49 | INFO     | database:init_db:78 - 数据库迁移已完成（Alembic upgrade head）
2026-07-30 14:13:04 | INFO     | logger:setup_logger:48 - 日志系统初始化完成，日志文件: logs/fuel_records.log
2026-07-30 14:13:20 | INFO     | logger:setup_logger:48 - 日志系统初始化完成，日志文件: logs/fuel_records.log
2026-07-30 14:13:22 | INFO     | logger:setup_logger:48 - 日志系统初始化完成，日志文件: logs/fuel_records.log
2026-07-30 14:13:33 | INFO     | logger:setup_logger:48 - 日志系统初始化完成，日志文件: logs/fuel_records.log
2026-07-30 14:25:26 | INFO     | logger:setup_logger:48 - 日志系统初始化完成，日志文件: logs/fuel_records.log
2026-07-30 14:25:44 | INFO     | logger:setup_logger:48 - 日志系统初始化完成，日志文件: logs/fuel_records.log
2026-07-30 14:25:56 | INFO     | logger:setup_logger:48 - 日志系统初始化完成，日志文件: logs/fuel_records.log
2026-07-30 14:26:07 | INFO     | logger:setup_logger:48 - 日志系统初始化完成，日志文件: logs/fuel_records.log
2026-07-30 14:36:03 | INFO     | main:lifespan:23 - 应用关闭
2026-07-30 16:25:38 | INFO     | logger:setup_logger:48 - 日志系统初始化完成，日志文件: logs/fuel_records.log
2026-07-30 16:25:38 | INFO     | logger:setup_logger:48 - 日志系统初始化完成，日志文件: logs/fuel_records.log
2026-07-30 16:25:38 | INFO     | main:lifespan:19 - 应用启动中...
2026-07-30 16:25:42 | INFO     | database:init_db:78 - 数据库迁移已完成（Alembic upgrade head）
2026-07-30 16:25:42 | INFO     | main:lifespan:21 - 应用启动完成
2026-07-30 17:27:08 | INFO     | logger:setup_logger:48 - 日志系统初始化完成，日志文件: logs/fuel_records.log
2026-07-30 17:27:08 | INFO     | logger:setup_logger:48 - 日志系统初始化完成，日志文件: logs/fuel_records.log
2026-07-30 17:27:10 | INFO     | database:init_db:66 - 数据库表已就绪（create_all 检查完成）
2026-07-31 13:38:07 | INFO     | logger:setup_logger:48 - 日志系统初始化完成，日志文件: logs/fuel_records.log
2026-07-31 13:38:44 | INFO     | logger:setup_logger:48 - 日志系统初始化完成，日志文件: logs/fuel_records.log
2026-07-31 13:38:44 | INFO     | logger:setup_logger:48 - 日志系统初始化完成，日志文件: logs/fuel_records.log
2026-07-31 13:38:44 | INFO     | main:lifespan:19 - 应用启动中...
2026-07-31 13:38:47 | INFO     | database:init_db:78 - 数据库迁移已完成（Alembic upgrade head）
2026-07-31 13:38:47 | INFO     | main:lifespan:21 - 应用启动完成
2026-07-31 13:38:47 | INFO     | main:lifespan:23 - 应用关闭
2026-07-31 13:40:19 | INFO     | logger:setup_logger:48 - 日志系统初始化完成，日志文件: logs/fuel_records.log
2026-07-31 13:40:19 | INFO     | logger:setup_logger:48 - 日志系统初始化完成，日志文件: logs/fuel_records.log
2026-07-31 13:40:19 | INFO     | main:lifespan:19 - 应用启动中...
2026-07-31 13:40:19 | INFO     | database:init_db:78 - 数据库迁移已完成（Alembic upgrade head）
2026-07-31 13:40:19 | INFO     | main:lifespan:21 - 应用启动完成
2026-07-31 13:40:19 | INFO     | main:lifespan:23 - 应用关闭
2026-07-31 13:40:34 | INFO     | logger:setup_logger:48 - 日志系统初始化完成，日志文件: logs/fuel_records.log
2026-07-31 13:40:34 | INFO     | logger:setup_logger:48 - 日志系统初始化完成，日志文件: logs/fuel_records.log
2026-07-31 13:40:34 | INFO     | main:lifespan:19 - 应用启动中...
2026-07-31 13:40:34 | INFO     | database:init_db:78 - 数据库迁移已完成（Alembic upgrade head）
2026-07-31 13:40:34 | INFO     | main:lifespan:21 - 应用启动完成
2026-07-31 13:40:34 | INFO     | main:lifespan:23 - 应用关闭
2026-07-31 13:41:00 | INFO     | logger:setup_logger:48 - 日志系统初始化完成，日志文件: logs/fuel_records.log
2026-07-31 13:41:00 | INFO     | logger:setup_logger:48 - 日志系统初始化完成，日志文件: logs/fuel_records.log
2026-07-31 13:41:00 | INFO     | main:lifespan:19 - 应用启动中...
2026-07-31 13:41:00 | INFO     | database:init_db:78 - 数据库迁移已完成（Alembic upgrade head）
2026-07-31 13:41:00 | INFO     | main:lifespan:21 - 应用启动完成
2026-07-31 13:43:02 | INFO     | logger:setup_logger:48 - 日志系统初始化完成，日志文件: logs/fuel_records.log
2026-07-31 13:43:02 | INFO     | logger:setup_logger:48 - 日志系统初始化完成，日志文件: logs/fuel_records.log
2026-07-31 13:43:02 | INFO     | main:lifespan:19 - 应用启动中...
2026-07-31 13:43:04 | INFO     | database:init_db:78 - 数据库迁移已完成（Alembic upgrade head）
2026-07-31 13:43:04 | INFO     | main:lifespan:21 - 应用启动完成
2026-07-31 19:51:42 | INFO     | logger:setup_logger:48 - 日志系统初始化完成，日志文件: logs/fuel_records.log
2026-07-31 19:52:00 | INFO     | logger:setup_logger:48 - 日志系统初始化完成，日志文件: logs/fuel_records.log
2026-07-31 19:52:19 | INFO     | logger:setup_logger:48 - 日志系统初始化完成，日志文件: logs/fuel_records.log
2026-07-31 19:54:14 | INFO     | logger:setup_logger:48 - 日志系统初始化完成，日志文件: logs/fuel_records.log
2026-07-31 19:54:14 | INFO     | logger:setup_logger:48 - 日志系统初始化完成，日志文件: logs/fuel_records.log
2026-07-31 19:54:15 | INFO     | main:lifespan:19 - 应用启动中...
2026-07-31 19:54:15 | INFO     | database:init_db:80 - 数据库迁移已完成（Alembic upgrade head）
2026-07-31 19:54:15 | INFO     | main:lifespan:21 - 应用启动完成
2026-07-31 20:20:34 | INFO     | main:lifespan:23 - 应用关闭
2026-07-31 20:20:35 | INFO     | logger:setup_logger:48 - 日志系统初始化完成，日志文件: logs/fuel_records.log
2026-07-31 20:20:35 | INFO     | logger:setup_logger:48 - 日志系统初始化完成，日志文件: logs/fuel_records.log
2026-07-31 20:20:35 | INFO     | main:lifespan:19 - 应用启动中...
2026-07-31 20:20:35 | INFO     | database:init_db:80 - 数据库迁移已完成（Alembic upgrade head）
2026-07-31 20:20:35 | INFO     | main:lifespan:21 - 应用启动完成
2026-07-31 20:20:59 | INFO     | main:lifespan:23 - 应用关闭
2026-07-31 20:25:27 | INFO     | logger:setup_logger:48 - 日志系统初始化完成，日志文件: logs/fuel_records.log
2026-07-31 20:26:13 | INFO     | logger:setup_logger:48 - 日志系统初始化完成，日志文件: logs/fuel_records.log
2026-07-31 20:26:38 | INFO     | logger:setup_logger:48 - 日志系统初始化完成，日志文件: logs/fuel_records.log
2026-07-31 20:27:14 | INFO     | logger:setup_logger:48 - 日志系统初始化完成，日志文件: logs/fuel_records.log
2026-07-31 21:11:04 | INFO     | logger:setup_logger:48 - 日志系统初始化完成，日志文件: logs/fuel_records.log
2026-07-31 21:11:04 | INFO     | logger:setup_logger:48 - 日志系统初始化完成，日志文件: logs/fuel_records.log
2026-07-31 21:11:04 | INFO     | main:lifespan:19 - 应用启动中...
2026-07-31 21:11:04 | INFO     | database:init_db:80 - 数据库迁移已完成（Alembic upgrade head）
2026-07-31 21:11:04 | INFO     | main:lifespan:21 - 应用启动完成
2026-07-31 21:18:36 | INFO     | logger:setup_logger:48 - 日志系统初始化完成，日志文件: logs/fuel_records.log
2026-08-01 11:35:19 | INFO     | logger:setup_logger:48 - 日志系统初始化完成，日志文件: logs/fuel_records.log
2026-08-01 11:35:51 | INFO     | logger:setup_logger:48 - 日志系统初始化完成，日志文件: logs/fuel_records.log
2026-08-01 12:14:40 | INFO     | logger:setup_logger:48 - 日志系统初始化完成，日志文件: logs/fuel_records.log
2026-08-01 12:14:55 | INFO     | logger:setup_logger:48 - 日志系统初始化完成，日志文件: logs/fuel_records.log
2026-08-01 12:15:32 | INFO     | logger:setup_logger:48 - 日志系统初始化完成，日志文件: logs/fuel_records.log
2026-08-01 12:21:39 | INFO     | logger:setup_logger:48 - 日志系统初始化完成，日志文件: logs/fuel_records.log
2026-08-01 12:21:44 | INFO     | logger:setup_logger:48 - 日志系统初始化完成，日志文件: logs/fuel_records.log
2026-08-01 12:22:01 | INFO     | logger:setup_logger:48 - 日志系统初始化完成，日志文件: logs/fuel_records.log
2026-08-01 12:22:01 | INFO     | logger:setup_logger:48 - 日志系统初始化完成，日志文件: logs/fuel_records.log
2026-08-01 12:22:01 | INFO     | main:lifespan:19 - 应用启动中...
2026-08-01 12:22:03 | INFO     | database:init_db:80 - 数据库迁移已完成（Alembic upgrade head）
2026-08-01 12:22:03 | INFO     | main:lifespan:21 - 应用启动完成
2026-08-01 12:24:29 | INFO     | logger:setup_logger:48 - 日志系统初始化完成，日志文件: logs/fuel_records.log
2026-08-01 12:24:33 | INFO     | logger:setup_logger:48 - 日志系统初始化完成，日志文件: logs/fuel_records.log
2026-08-01 12:24:47 | INFO     | logger:setup_logger:48 - 日志系统初始化完成，日志文件: logs/fuel_records.log
2026-08-01 12:24:47 | INFO     | logger:setup_logger:48 - 日志系统初始化完成，日志文件: logs/fuel_records.log
2026-08-01 12:24:47 | INFO     | main:lifespan:19 - 应用启动中...
2026-08-01 12:24:49 | INFO     | database:init_db:80 - 数据库迁移已完成（Alembic upgrade head）
2026-08-01 12:24:49 | INFO     | main:lifespan:21 - 应用启动完成
2026-08-01 12:30:24 | INFO     | logger:setup_logger:48 - 日志系统初始化完成，日志文件: logs/fuel_records.log
2026-08-01 12:30:29 | INFO     | logger:setup_logger:48 - 日志系统初始化完成，日志文件: logs/fuel_records.log
2026-08-01 12:31:25 | INFO     | logger:setup_logger:48 - 日志系统初始化完成，日志文件: logs/fuel_records.log
2026-08-01 12:31:28 | INFO     | logger:setup_logger:48 - 日志系统初始化完成，日志文件: logs/fuel_records.log
2026-08-01 12:31:40 | INFO     | logger:setup_logger:48 - 日志系统初始化完成，日志文件: logs/fuel_records.log
2026-08-01 12:31:40 | INFO     | logger:setup_logger:48 - 日志系统初始化完成，日志文件: logs/fuel_records.log
2026-08-01 12:31:41 | INFO     | main:lifespan:19 - 应用启动中...
2026-08-01 12:31:43 | INFO     | database:init_db:80 - 数据库迁移已完成（Alembic upgrade head）
2026-08-01 12:31:43 | INFO     | main:lifespan:21 - 应用启动完成
2026-08-01 15:06:18 | INFO     | logger:setup_logger:48 - 日志系统初始化完成，日志文件: logs/fuel_records.log
2026-08-01 15:06:18 | INFO     | logger:setup_logger:48 - 日志系统初始化完成，日志文件: logs/fuel_records.log
2026-08-01 15:06:46 | INFO     | logger:setup_logger:48 - 日志系统初始化完成，日志文件: logs/fuel_records.log
2026-08-01 15:06:46 | INFO     | logger:setup_logger:48 - 日志系统初始化完成，日志文件: logs/fuel_records.log
2026-08-01 15:06:46 | INFO     | main:lifespan:19 - 应用启动中...
2026-08-01 15:06:48 | INFO     | database:init_db:80 - 数据库迁移已完成（Alembic upgrade head）
2026-08-01 15:06:48 | INFO     | main:lifespan:21 - 应用启动完成
2026-08-01 15:08:47 | INFO     | logger:setup_logger:48 - 日志系统初始化完成，日志文件: logs/fuel_records.log
2026-08-01 15:08:47 | INFO     | logger:setup_logger:48 - 日志系统初始化完成，日志文件: logs/fuel_records.log
2026-08-01 15:08:47 | INFO     | main:lifespan:19 - 应用启动中...
2026-08-01 15:08:49 | INFO     | database:init_db:80 - 数据库迁移已完成（Alembic upgrade head）
2026-08-01 15:08:49 | INFO     | main:lifespan:21 - 应用启动完成
2026-08-01 15:20:30 | INFO     | logger:setup_logger:48 - 日志系统初始化完成，日志文件: logs/fuel_records.log
2026-08-01 15:20:30 | INFO     | logger:setup_logger:48 - 日志系统初始化完成，日志文件: logs/fuel_records.log
2026-08-01 15:20:30 | INFO     | main:lifespan:19 - 应用启动中...
2026-08-01 15:20:32 | INFO     | database:init_db:80 - 数据库迁移已完成（Alembic upgrade head）
2026-08-01 15:20:32 | INFO     | main:lifespan:21 - 应用启动完成
2026-08-01 15:37:41 | INFO     | logger:setup_logger:48 - 日志系统初始化完成，日志文件: logs/fuel_records.log
2026-08-01 15:37:41 | INFO     | logger:setup_logger:48 - 日志系统初始化完成，日志文件: logs/fuel_records.log
2026-08-01 15:37:41 | INFO     | main:lifespan:19 - 应用启动中...
2026-08-01 15:37:43 | INFO     | database:init_db:80 - 数据库迁移已完成（Alembic upgrade head）
2026-08-01 15:37:43 | INFO     | main:lifespan:21 - 应用启动完成
2026-08-01 15:41:53 | INFO     | logger:setup_logger:48 - 日志系统初始化完成，日志文件: logs/fuel_records.log
2026-08-01 15:41:53 | INFO     | logger:setup_logger:48 - 日志系统初始化完成，日志文件: logs/fuel_records.log
2026-08-01 15:41:53 | INFO     | main:lifespan:19 - 应用启动中...
2026-08-01 15:41:56 | INFO     | database:init_db:80 - 数据库迁移已完成（Alembic upgrade head）
2026-08-01 15:41:56 | INFO     | main:lifespan:21 - 应用启动完成
2026-08-01 15:42:45 | INFO     | logger:setup_logger:48 - 日志系统初始化完成，日志文件: logs/fuel_records.log
2026-08-01 15:42:47 | INFO     | services.stats_service:get_timeline:126 - [timeline] group_by=day start=2026-08-01 end=2026-08-01 → 2 rows, first=2026-08-01 12:35:56.796822 last=2026-08-01 12:35:57.702584
2026-08-01 15:42:48 | INFO     | services.stats_service:get_timeline:126 - [timeline] group_by=month start=2026-08-01 end=2026-08-01 → 2 rows, first=2026-08-01 12:35:56.796822 last=2026-08-01 12:35:57.702584
2026-08-01 15:44:17 | INFO     | services.stats_service:get_timeline:126 - [timeline] group_by=month start=2026-07-02 end=2026-08-01 → 2 rows, first=2026-08-01 13:15:24.063536 last=2026-08-01 13:16:23.596379
2026-08-01 15:44:17 | INFO     | services.stats_service:get_timeline:126 - [timeline] group_by=month start=2026-07-02 end=2026-08-01 → 2 rows, first=2026-08-01 13:15:24.063536 last=2026-08-01 13:16:23.596379
2026-08-01 15:44:17 | INFO     | services.stats_service:get_timeline:126 - [timeline] group_by=week start=2026-07-02 end=2026-08-01 → 2 rows, first=2026-08-01 13:15:24.063536 last=2026-08-01 13:16:23.596379
2026-08-01 15:44:17 | INFO     | services.stats_service:get_timeline:126 - [timeline] group_by=week start=2026-07-02 end=2026-08-01 → 2 rows, first=2026-08-01 13:15:24.063536 last=2026-08-01 13:16:23.596379
2026-08-01 15:44:35 | INFO     | services.stats_service:get_timeline:126 - [timeline] group_by=month start=2026-07-02 end=2026-08-01 → 2 rows, first=2026-08-01 13:15:24.063536 last=2026-08-01 13:16:23.596379
2026-08-01 15:44:35 | INFO     | services.stats_service:get_timeline:126 - [timeline] group_by=week start=2026-07-02 end=2026-08-01 → 2 rows, first=2026-08-01 13:15:24.063536 last=2026-08-01 13:16:23.596379
2026-08-01 15:45:21 | INFO     | services.stats_service:get_timeline:126 - [timeline] group_by=month start=2026-07-02 end=2026-08-01 → 2 rows, first=2026-08-01 13:15:24.063536 last=2026-08-01 13:16:23.596379
2026-08-01 15:45:21 | INFO     | services.stats_service:get_timeline:126 - [timeline] group_by=week start=2026-07-02 end=2026-08-01 → 2 rows, first=2026-08-01 13:15:24.063536 last=2026-08-01 13:16:23.596379
2026-08-01 15:45:24 | INFO     | services.stats_service:get_timeline:126 - [timeline] group_by=month start=2026-07-25 end=2026-08-01 → 2 rows, first=2026-08-01 13:15:24.063536 last=2026-08-01 13:16:23.596379
2026-08-01 15:45:24 | INFO     | services.stats_service:get_timeline:126 - [timeline] group_by=day start=2026-07-25 end=2026-08-01 → 2 rows, first=2026-08-01 13:15:24.063536 last=2026-08-01 13:16:23.596379
2026-08-01 15:45:32 | INFO     | services.stats_service:get_timeline:126 - [timeline] group_by=month start=2026-07-02 end=2026-08-01 → 2 rows, first=2026-08-01 13:15:24.063536 last=2026-08-01 13:16:23.596379
2026-08-01 15:45:32 | INFO     | services.stats_service:get_timeline:126 - [timeline] group_by=week start=2026-07-02 end=2026-08-01 → 2 rows, first=2026-08-01 13:15:24.063536 last=2026-08-01 13:16:23.596379
2026-08-01 15:45:42 | INFO     | services.stats_service:get_timeline:126 - [timeline] group_by=month start=2026-07-25 end=2026-08-01 → 2 rows, first=2026-08-01 13:15:24.063536 last=2026-08-01 13:16:23.596379
2026-08-01 15:45:42 | INFO     | services.stats_service:get_timeline:126 - [timeline] group_by=day start=2026-07-25 end=2026-08-01 → 2 rows, first=2026-08-01 13:15:24.063536 last=2026-08-01 13:16:23.596379
2026-08-01 15:46:38 | INFO     | services.stats_service:get_timeline:126 - [timeline] group_by=week start=2026-07-02 end=2026-08-01 → 2 rows, first=2026-08-01 13:15:24.063536 last=2026-08-01 13:16:23.596379
2026-08-01 15:46:38 | INFO     | services.stats_service:get_timeline:126 - [timeline] group_by=month start=2026-07-02 end=2026-08-01 → 2 rows, first=2026-08-01 13:15:24.063536 last=2026-08-01 13:16:23.596379
2026-08-01 15:46:40 | INFO     | services.stats_service:get_timeline:126 - [timeline] group_by=month start=2026-07-25 end=2026-08-01 → 2 rows, first=2026-08-01 13:15:24.063536 last=2026-08-01 13:16:23.596379
2026-08-01 15:46:40 | INFO     | services.stats_service:get_timeline:126 - [timeline] group_by=day start=2026-07-25 end=2026-08-01 → 2 rows, first=2026-08-01 13:15:24.063536 last=2026-08-01 13:16:23.596379
2026-08-01 15:48:04 | INFO     | logger:setup_logger:48 - 日志系统初始化完成，日志文件: logs/fuel_records.log
2026-08-01 15:48:04 | INFO     | logger:setup_logger:48 - 日志系统初始化完成，日志文件: logs/fuel_records.log
2026-08-01 15:48:04 | INFO     | main:lifespan:19 - 应用启动中...
2026-08-01 15:48:06 | INFO     | database:init_db:80 - 数据库迁移已完成（Alembic upgrade head）
2026-08-01 15:48:06 | INFO     | main:lifespan:21 - 应用启动完成
2026-08-01 15:48:06 | INFO     | main:lifespan:23 - 应用关闭
2026-08-01 15:48:20 | INFO     | services.stats_service:get_timeline:126 - [timeline] group_by=week start=2026-07-02 end=2026-08-01 → 2 rows, first=2026-08-01 13:15:24.063536 last=2026-08-01 13:16:23.596379
2026-08-01 15:48:20 | INFO     | services.stats_service:get_timeline:126 - [timeline] group_by=month start=2026-07-02 end=2026-08-01 → 2 rows, first=2026-08-01 13:15:24.063536 last=2026-08-01 13:16:23.596379
2026-08-01 15:48:24 | INFO     | services.stats_service:get_timeline:126 - [timeline] group_by=month start=2026-07-25 end=2026-08-01 → 2 rows, first=2026-08-01 13:15:24.063536 last=2026-08-01 13:16:23.596379
2026-08-01 15:48:24 | INFO     | services.stats_service:get_timeline:126 - [timeline] group_by=day start=2026-07-25 end=2026-08-01 → 2 rows, first=2026-08-01 13:15:24.063536 last=2026-08-01 13:16:23.596379
2026-08-01 15:48:27 | INFO     | services.stats_service:get_timeline:126 - [timeline] group_by=month start=2025-08-01 end=2026-08-01 → 2 rows, first=2026-08-01 13:15:24.063536 last=2026-08-01 13:16:23.596379
2026-08-01 15:48:27 | INFO     | services.stats_service:get_timeline:126 - [timeline] group_by=month start=2025-08-01 end=2026-08-01 → 2 rows, first=2026-08-01 13:15:24.063536 last=2026-08-01 13:16:23.596379
2026-08-01 15:48:31 | INFO     | services.stats_service:get_timeline:126 - [timeline] group_by=week start=2026-07-02 end=2026-08-01 → 2 rows, first=2026-08-01 13:15:24.063536 last=2026-08-01 13:16:23.596379
2026-08-01 15:48:31 | INFO     | services.stats_service:get_timeline:126 - [timeline] group_by=month start=2026-07-02 end=2026-08-01 → 2 rows, first=2026-08-01 13:15:24.063536 last=2026-08-01 13:16:23.596379
2026-08-01 15:48:35 | INFO     | services.stats_service:get_timeline:126 - [timeline] group_by=day start=2026-07-25 end=2026-08-01 → 2 rows, first=2026-08-01 13:15:24.063536 last=2026-08-01 13:16:23.596379
2026-08-01 15:48:35 | INFO     | services.stats_service:get_timeline:126 - [timeline] group_by=month start=2026-07-25 end=2026-08-01 → 2 rows, first=2026-08-01 13:15:24.063536 last=2026-08-01 13:16:23.596379
2026-08-01 15:50:52 | INFO     | services.stats_service:get_timeline:126 - [timeline] group_by=month start=2026-07-02 end=2026-08-01 → 3 rows, first=2026-08-01 13:15:24.063536 last=2026-08-01 15:50:45.190725
2026-08-01 15:50:52 | INFO     | services.stats_service:get_timeline:126 - [timeline] group_by=week start=2026-07-02 end=2026-08-01 → 3 rows, first=2026-08-01 13:15:24.063536 last=2026-08-01 15:50:45.190725
2026-08-01 15:50:53 | INFO     | services.stats_service:get_timeline:126 - [timeline] group_by=month start=2025-08-01 end=2026-08-01 → 3 rows, first=2026-08-01 13:15:24.063536 last=2026-08-01 15:50:45.190725
2026-08-01 15:50:53 | INFO     | services.stats_service:get_timeline:126 - [timeline] group_by=month start=2025-08-01 end=2026-08-01 → 3 rows, first=2026-08-01 13:15:24.063536 last=2026-08-01 15:50:45.190725
2026-08-01 15:50:54 | INFO     | services.stats_service:get_timeline:126 - [timeline] group_by=day start=2026-07-25 end=2026-08-01 → 3 rows, first=2026-08-01 13:15:24.063536 last=2026-08-01 15:50:45.190725
2026-08-01 15:50:54 | INFO     | services.stats_service:get_timeline:126 - [timeline] group_by=month start=2026-07-25 end=2026-08-01 → 3 rows, first=2026-08-01 13:15:24.063536 last=2026-08-01 15:50:45.190725
2026-08-01 15:50:56 | INFO     | services.stats_service:get_timeline:126 - [timeline] group_by=week start=2026-07-02 end=2026-08-01 → 3 rows, first=2026-08-01 13:15:24.063536 last=2026-08-01 15:50:45.190725
2026-08-01 15:50:56 | INFO     | services.stats_service:get_timeline:126 - [timeline] group_by=month start=2026-07-02 end=2026-08-01 → 3 rows, first=2026-08-01 13:15:24.063536 last=2026-08-01 15:50:45.190725
2026-08-01 15:50:58 | INFO     | services.stats_service:get_timeline:126 - [timeline] group_by=month start=2025-08-01 end=2026-08-01 → 3 rows, first=2026-08-01 13:15:24.063536 last=2026-08-01 15:50:45.190725
2026-08-01 15:50:58 | INFO     | services.stats_service:get_timeline:126 - [timeline] group_by=month start=2025-08-01 end=2026-08-01 → 3 rows, first=2026-08-01 13:15:24.063536 last=2026-08-01 15:50:45.190725
2026-08-01 15:51:08 | INFO     | services.stats_service:get_timeline:126 - [timeline] group_by=week start=2026-07-02 end=2026-08-01 → 3 rows, first=2026-08-01 13:15:24.063536 last=2026-08-01 15:50:45.190725
2026-08-01 15:51:08 | INFO     | services.stats_service:get_timeline:126 - [timeline] group_by=month start=2026-07-02 end=2026-08-01 → 3 rows, first=2026-08-01 13:15:24.063536 last=2026-08-01 15:50:45.190725
2026-08-01 15:51:10 | INFO     | services.stats_service:get_timeline:126 - [timeline] group_by=day start=2026-07-25 end=2026-08-01 → 3 rows, first=2026-08-01 13:15:24.063536 last=2026-08-01 15:50:45.190725
2026-08-01 15:51:10 | INFO     | services.stats_service:get_timeline:126 - [timeline] group_by=month start=2026-07-25 end=2026-08-01 → 3 rows, first=2026-08-01 13:15:24.063536 last=2026-08-01 15:50:45.190725
2026-08-01 15:51:21 | INFO     | services.stats_service:get_timeline:123 - [timeline] group_by=month start=2026-07-25 end=2026-08-01 → 0 rows (s=2026-07-25 e=2026-08-01)
2026-08-01 15:51:21 | INFO     | services.stats_service:get_timeline:123 - [timeline] group_by=day start=2026-07-25 end=2026-08-01 → 0 rows (s=2026-07-25 e=2026-08-01)
2026-08-01 15:51:24 | INFO     | services.stats_service:get_timeline:126 - [timeline] group_by=month start=2026-07-25 end=2026-08-01 → 3 rows, first=2026-08-01 13:15:24.063536 last=2026-08-01 15:50:45.190725
2026-08-01 15:51:24 | INFO     | services.stats_service:get_timeline:126 - [timeline] group_by=day start=2026-07-25 end=2026-08-01 → 3 rows, first=2026-08-01 13:15:24.063536 last=2026-08-01 15:50:45.190725
2026-08-01 15:52:32 | INFO     | services.stats_service:get_timeline:126 - [timeline] group_by=week start=2026-07-02 end=2026-08-01 → 3 rows, first=2026-08-01 13:15:24.063536 last=2026-08-01 15:50:45.190725
2026-08-01 15:52:32 | INFO     | services.stats_service:get_timeline:126 - [timeline] group_by=month start=2026-07-02 end=2026-08-01 → 3 rows, first=2026-08-01 13:15:24.063536 last=2026-08-01 15:50:45.190725
2026-08-01 15:52:32 | INFO     | services.stats_service:get_timeline:126 - [timeline] group_by=week start=2026-07-02 end=2026-08-01 → 3 rows, first=2026-08-01 13:15:24.063536 last=2026-08-01 15:50:45.190725
2026-08-01 15:52:32 | INFO     | services.stats_service:get_timeline:126 - [timeline] group_by=month start=2026-07-02 end=2026-08-01 → 3 rows, first=2026-08-01 13:15:24.063536 last=2026-08-01 15:50:45.190725
2026-08-01 15:52:52 | INFO     | services.stats_service:get_timeline:126 - [timeline] group_by=month start=2025-08-01 end=2026-08-01 → 3 rows, first=2026-08-01 13:15:24.063536 last=2026-08-01 15:50:45.190725
2026-08-01 15:52:52 | INFO     | services.stats_service:get_timeline:126 - [timeline] group_by=month start=2025-08-01 end=2026-08-01 → 3 rows, first=2026-08-01 13:15:24.063536 last=2026-08-01 15:50:45.190725
2026-08-01 15:53:06 | INFO     | services.stats_service:get_timeline:126 - [timeline] group_by=week start=2026-07-02 end=2026-08-01 → 3 rows, first=2026-08-01 13:15:24.063536 last=2026-08-01 15:50:45.190725
2026-08-01 15:53:06 | INFO     | services.stats_service:get_timeline:126 - [timeline] group_by=month start=2026-07-02 end=2026-08-01 → 3 rows, first=2026-08-01 13:15:24.063536 last=2026-08-01 15:50:45.190725
2026-08-01 15:53:09 | INFO     | services.stats_service:get_timeline:126 - [timeline] group_by=month start=2025-08-01 end=2026-08-01 → 3 rows, first=2026-08-01 13:15:24.063536 last=2026-08-01 15:50:45.190725
2026-08-01 15:53:09 | INFO     | services.stats_service:get_timeline:126 - [timeline] group_by=month start=2025-08-01 end=2026-08-01 → 3 rows, first=2026-08-01 13:15:24.063536 last=2026-08-01 15:50:45.190725
2026-08-01 15:53:12 | INFO     | services.stats_service:get_timeline:126 - [timeline] group_by=month start=2026-07-02 end=2026-08-01 → 3 rows, first=2026-08-01 13:15:24.063536 last=2026-08-01 15:50:45.190725
2026-08-01 15:53:12 | INFO     | services.stats_service:get_timeline:126 - [timeline] group_by=week start=2026-07-02 end=2026-08-01 → 3 rows, first=2026-08-01 13:15:24.063536 last=2026-08-01 15:50:45.190725
2026-08-01 15:53:17 | INFO     | services.stats_service:get_timeline:126 - [timeline] group_by=day start=2026-07-25 end=2026-08-01 → 3 rows, first=2026-08-01 13:15:24.063536 last=2026-08-01 15:50:45.190725
2026-08-01 15:53:17 | INFO     | services.stats_service:get_timeline:126 - [timeline] group_by=month start=2026-07-25 end=2026-08-01 → 3 rows, first=2026-08-01 13:15:24.063536 last=2026-08-01 15:50:45.190725
2026-08-01 15:53:19 | INFO     | services.stats_service:get_timeline:126 - [timeline] group_by=month start=2026-07-02 end=2026-08-01 → 3 rows, first=2026-08-01 13:15:24.063536 last=2026-08-01 15:50:45.190725
2026-08-01 15:53:19 | INFO     | services.stats_service:get_timeline:126 - [timeline] group_by=week start=2026-07-02 end=2026-08-01 → 3 rows, first=2026-08-01 13:15:24.063536 last=2026-08-01 15:50:45.190725
2026-08-01 15:53:59 | INFO     | services.stats_service:get_timeline:126 - [timeline] group_by=week start=2026-07-02 end=2026-08-01 → 2 rows, first=2026-08-01 13:15:24.063536 last=2026-08-01 13:16:23.596379
2026-08-01 15:53:59 | INFO     | services.stats_service:get_timeline:126 - [timeline] group_by=month start=2026-07-02 end=2026-08-01 → 2 rows, first=2026-08-01 13:15:24.063536 last=2026-08-01 13:16:23.596379
2026-08-01 15:54:09 | INFO     | services.stats_service:get_timeline:126 - [timeline] group_by=month start=2026-07-02 end=2026-08-01 → 2 rows, first=2026-08-01 13:15:24.063536 last=2026-08-01 13:16:23.596379
2026-08-01 15:54:09 | INFO     | services.stats_service:get_timeline:126 - [timeline] group_by=week start=2026-07-02 end=2026-08-01 → 2 rows, first=2026-08-01 13:15:24.063536 last=2026-08-01 13:16:23.596379
2026-08-01 15:54:15 | INFO     | services.stats_service:get_timeline:126 - [timeline] group_by=day start=2026-07-25 end=2026-08-01 → 2 rows, first=2026-08-01 13:15:24.063536 last=2026-08-01 13:16:23.596379
2026-08-01 15:54:15 | INFO     | services.stats_service:get_timeline:126 - [timeline] group_by=month start=2026-07-25 end=2026-08-01 → 2 rows, first=2026-08-01 13:15:24.063536 last=2026-08-01 13:16:23.596379
2026-08-01 15:54:18 | INFO     | services.stats_service:get_timeline:126 - [timeline] group_by=week start=2026-07-02 end=2026-08-01 → 2 rows, first=2026-08-01 13:15:24.063536 last=2026-08-01 13:16:23.596379
2026-08-01 15:54:18 | INFO     | services.stats_service:get_timeline:126 - [timeline] group_by=month start=2026-07-02 end=2026-08-01 → 2 rows, first=2026-08-01 13:15:24.063536 last=2026-08-01 13:16:23.596379
2026-08-01 15:54:21 | INFO     | services.stats_service:get_timeline:126 - [timeline] group_by=month start=2025-08-01 end=2026-08-01 → 3 rows, first=2026-07-01 15:50:45.190725 last=2026-08-01 13:16:23.596379
2026-08-01 15:54:21 | INFO     | services.stats_service:get_timeline:126 - [timeline] group_by=month start=2025-08-01 end=2026-08-01 → 3 rows, first=2026-07-01 15:50:45.190725 last=2026-08-01 13:16:23.596379
2026-08-01 15:54:23 | INFO     | services.stats_service:get_timeline:126 - [timeline] group_by=month start=2026-07-02 end=2026-08-01 → 2 rows, first=2026-08-01 13:15:24.063536 last=2026-08-01 13:16:23.596379
2026-08-01 15:54:23 | INFO     | services.stats_service:get_timeline:126 - [timeline] group_by=week start=2026-07-02 end=2026-08-01 → 2 rows, first=2026-08-01 13:15:24.063536 last=2026-08-01 13:16:23.596379
2026-08-01 15:54:26 | INFO     | services.stats_service:get_timeline:126 - [timeline] group_by=month start=2025-08-01 end=2026-08-01 → 3 rows, first=2026-07-01 15:50:45.190725 last=2026-08-01 13:16:23.596379
2026-08-01 15:54:26 | INFO     | services.stats_service:get_timeline:126 - [timeline] group_by=month start=2025-08-01 end=2026-08-01 → 3 rows, first=2026-07-01 15:50:45.190725 last=2026-08-01 13:16:23.596379
2026-08-01 15:54:31 | INFO     | services.stats_service:get_timeline:126 - [timeline] group_by=week start=2026-07-02 end=2026-08-01 → 2 rows, first=2026-08-01 13:15:24.063536 last=2026-08-01 13:16:23.596379
2026-08-01 15:54:31 | INFO     | services.stats_service:get_timeline:126 - [timeline] group_by=month start=2026-07-02 end=2026-08-01 → 2 rows, first=2026-08-01 13:15:24.063536 last=2026-08-01 13:16:23.596379
2026-08-01 15:54:34 | INFO     | services.stats_service:get_timeline:126 - [timeline] group_by=month start=2025-08-01 end=2026-08-01 → 3 rows, first=2026-07-01 15:50:45.190725 last=2026-08-01 13:16:23.596379
2026-08-01 15:54:34 | INFO     | services.stats_service:get_timeline:126 - [timeline] group_by=month start=2025-08-01 end=2026-08-01 → 3 rows, first=2026-07-01 15:50:45.190725 last=2026-08-01 13:16:23.596379
2026-08-01 15:54:46 | INFO     | services.stats_service:get_timeline:126 - [timeline] group_by=month start=2026-07-02 end=2026-08-01 → 2 rows, first=2026-08-01 13:15:24.063536 last=2026-08-01 13:16:23.596379
2026-08-01 15:54:46 | INFO     | services.stats_service:get_timeline:126 - [timeline] group_by=week start=2026-07-02 end=2026-08-01 → 2 rows, first=2026-08-01 13:15:24.063536 last=2026-08-01 13:16:23.596379
2026-08-01 15:54:51 | INFO     | services.stats_service:get_timeline:123 - [timeline] group_by=week start=2026-07-02 end=2026-08-01 → 0 rows (s=2026-07-02 e=2026-08-01)
2026-08-01 15:54:51 | INFO     | services.stats_service:get_timeline:123 - [timeline] group_by=month start=2026-07-02 end=2026-08-01 → 0 rows (s=2026-07-02 e=2026-08-01)
2026-08-01 15:54:53 | INFO     | services.stats_service:get_timeline:126 - [timeline] group_by=month start=2026-07-02 end=2026-08-01 → 2 rows, first=2026-08-01 13:15:24.063536 last=2026-08-01 13:16:23.596379
2026-08-01 15:54:53 | INFO     | services.stats_service:get_timeline:126 - [timeline] group_by=week start=2026-07-02 end=2026-08-01 → 2 rows, first=2026-08-01 13:15:24.063536 last=2026-08-01 13:16:23.596379
2026-08-01 15:55:31 | INFO     | services.stats_service:get_timeline:126 - [timeline] group_by=month start=2026-07-02 end=2026-08-01 → 2 rows, first=2026-08-01 13:15:24.063536 last=2026-08-01 13:16:23.596379
2026-08-01 15:55:31 | INFO     | services.stats_service:get_timeline:126 - [timeline] group_by=week start=2026-07-02 end=2026-08-01 → 2 rows, first=2026-08-01 13:15:24.063536 last=2026-08-01 13:16:23.596379
2026-08-01 15:55:41 | INFO     | services.stats_service:get_timeline:126 - [timeline] group_by=month start=2026-07-02 end=2026-08-01 → 2 rows, first=2026-08-01 13:15:24.063536 last=2026-08-01 13:16:23.596379
2026-08-01 15:55:41 | INFO     | services.stats_service:get_timeline:126 - [timeline] group_by=week start=2026-07-02 end=2026-08-01 → 2 rows, first=2026-08-01 13:15:24.063536 last=2026-08-01 13:16:23.596379
2026-08-01 15:55:47 | INFO     | services.stats_service:get_timeline:126 - [timeline] group_by=week start=2026-07-02 end=2026-08-01 → 2 rows, first=2026-08-01 13:15:24.063536 last=2026-08-01 13:16:23.596379
2026-08-01 15:55:47 | INFO     | services.stats_service:get_timeline:126 - [timeline] group_by=month start=2026-07-02 end=2026-08-01 → 2 rows, first=2026-08-01 13:15:24.063536 last=2026-08-01 13:16:23.596379
2026-08-01 15:59:11 | INFO     | services.stats_service:get_timeline:126 - [timeline] group_by=week start=2026-07-02 end=2026-08-01 → 2 rows, first=2026-08-01 13:15:24.063536 last=2026-08-01 13:16:23.596379
2026-08-01 15:59:11 | INFO     | services.stats_service:get_timeline:126 - [timeline] group_by=month start=2026-07-02 end=2026-08-01 → 2 rows, first=2026-08-01 13:15:24.063536 last=2026-08-01 13:16:23.596379
2026-08-01 15:59:41 | INFO     | services.stats_service:get_timeline:126 - [timeline] group_by=month start=2026-07-02 end=2026-08-01 → 2 rows, first=2026-08-01 13:15:24.063536 last=2026-08-01 13:16:23.596379
2026-08-01 15:59:41 | INFO     | services.stats_service:get_timeline:126 - [timeline] group_by=week start=2026-07-02 end=2026-08-01 → 2 rows, first=2026-08-01 13:15:24.063536 last=2026-08-01 13:16:23.596379
2026-08-01 16:01:43 | INFO     | services.stats_service:get_timeline:126 - [timeline] group_by=week start=2026-07-02 end=2026-08-01 → 2 rows, first=2026-08-01 13:15:24.063536 last=2026-08-01 13:16:23.596379
2026-08-01 16:01:43 | INFO     | services.stats_service:get_timeline:126 - [timeline] group_by=month start=2026-07-02 end=2026-08-01 → 2 rows, first=2026-08-01 13:15:24.063536 last=2026-08-01 13:16:23.596379
2026-08-01 16:01:44 | INFO     | services.stats_service:get_timeline:126 - [timeline] group_by=week start=2026-07-02 end=2026-08-01 → 2 rows, first=2026-08-01 13:15:24.063536 last=2026-08-01 13:16:23.596379
2026-08-01 16:01:44 | INFO     | services.stats_service:get_timeline:126 - [timeline] group_by=month start=2026-07-02 end=2026-08-01 → 2 rows, first=2026-08-01 13:15:24.063536 last=2026-08-01 13:16:23.596379
2026-08-01 16:01:51 | INFO     | services.stats_service:get_timeline:126 - [timeline] group_by=week start=2026-07-02 end=2026-08-01 → 2 rows, first=2026-08-01 13:15:24.063536 last=2026-08-01 13:16:23.596379
2026-08-01 16:01:51 | INFO     | services.stats_service:get_timeline:126 - [timeline] group_by=month start=2026-07-02 end=2026-08-01 → 2 rows, first=2026-08-01 13:15:24.063536 last=2026-08-01 13:16:23.596379
2026-08-01 16:02:02 | INFO     | services.stats_service:get_timeline:126 - [timeline] group_by=week start=2026-07-02 end=2026-08-01 → 2 rows, first=2026-08-01 13:15:24.063536 last=2026-08-01 13:16:23.596379
2026-08-01 16:02:02 | INFO     | services.stats_service:get_timeline:126 - [timeline] group_by=month start=2026-07-02 end=2026-08-01 → 2 rows, first=2026-08-01 13:15:24.063536 last=2026-08-01 13:16:23.596379
2026-08-01 16:02:08 | INFO     | services.stats_service:get_timeline:126 - [timeline] group_by=month start=2026-07-02 end=2026-08-01 → 2 rows, first=2026-08-01 13:15:24.063536 last=2026-08-01 13:16:23.596379
2026-08-01 16:02:08 | INFO     | services.stats_service:get_timeline:126 - [timeline] group_by=week start=2026-07-02 end=2026-08-01 → 2 rows, first=2026-08-01 13:15:24.063536 last=2026-08-01 13:16:23.596379
2026-08-01 16:02:08 | INFO     | services.stats_service:get_timeline:126 - [timeline] group_by=week start=2026-07-02 end=2026-08-01 → 2 rows, first=2026-08-01 13:15:24.063536 last=2026-08-01 13:16:23.596379
2026-08-01 16:02:08 | INFO     | services.stats_service:get_timeline:126 - [timeline] group_by=month start=2026-07-02 end=2026-08-01 → 2 rows, first=2026-08-01 13:15:24.063536 last=2026-08-01 13:16:23.596379
2026-08-01 16:03:33 | INFO     | services.stats_service:get_timeline:126 - [timeline] group_by=week start=2026-07-02 end=2026-08-01 → 2 rows, first=2026-08-01 13:15:24.063536 last=2026-08-01 13:16:23.596379
2026-08-01 16:03:33 | INFO     | services.stats_service:get_timeline:126 - [timeline] group_by=month start=2026-07-02 end=2026-08-01 → 2 rows, first=2026-08-01 13:15:24.063536 last=2026-08-01 13:16:23.596379
2026-08-01 16:04:42 | INFO     | services.stats_service:get_timeline:126 - [timeline] group_by=week start=2026-07-02 end=2026-08-01 → 2 rows, first=2026-08-01 13:15:24.063536 last=2026-08-01 13:16:23.596379
2026-08-01 16:04:42 | INFO     | services.stats_service:get_timeline:126 - [timeline] group_by=month start=2026-07-02 end=2026-08-01 → 2 rows, first=2026-08-01 13:15:24.063536 last=2026-08-01 13:16:23.596379
2026-08-01 16:10:30 | INFO     | services.stats_service:get_timeline:126 - [timeline] group_by=month start=2026-07-02 end=2026-08-01 → 2 rows, first=2026-08-01 13:15:24.063536 last=2026-08-01 13:16:23.596379
2026-08-01 16:10:30 | INFO     | services.stats_service:get_timeline:126 - [timeline] group_by=week start=2026-07-02 end=2026-08-01 → 2 rows, first=2026-08-01 13:15:24.063536 last=2026-08-01 13:16:23.596379
2026-08-01 16:10:30 | INFO     | services.stats_service:get_timeline:126 - [timeline] group_by=week start=2026-07-02 end=2026-08-01 → 2 rows, first=2026-08-01 13:15:24.063536 last=2026-08-01 13:16:23.596379
2026-08-01 16:10:30 | INFO     | services.stats_service:get_timeline:126 - [timeline] group_by=month start=2026-07-02 end=2026-08-01 → 2 rows, first=2026-08-01 13:15:24.063536 last=2026-08-01 13:16:23.596379
2026-08-01 16:10:32 | INFO     | services.stats_service:get_timeline:126 - [timeline] group_by=month start=2025-08-01 end=2026-08-01 → 3 rows, first=2026-07-01 15:50:45.190725 last=2026-08-01 13:16:23.596379
2026-08-01 16:10:32 | INFO     | services.stats_service:get_timeline:126 - [timeline] group_by=month start=2025-08-01 end=2026-08-01 → 3 rows, first=2026-07-01 15:50:45.190725 last=2026-08-01 13:16:23.596379
2026-08-01 16:10:38 | INFO     | services.stats_service:get_timeline:126 - [timeline] group_by=week start=2026-07-02 end=2026-08-01 → 2 rows, first=2026-08-01 13:15:24.063536 last=2026-08-01 13:16:23.596379
2026-08-01 16:10:38 | INFO     | services.stats_service:get_timeline:126 - [timeline] group_by=month start=2026-07-02 end=2026-08-01 → 2 rows, first=2026-08-01 13:15:24.063536 last=2026-08-01 13:16:23.596379
2026-08-01 16:10:39 | INFO     | services.stats_service:get_timeline:126 - [timeline] group_by=week start=2026-07-02 end=2026-08-01 → 2 rows, first=2026-08-01 13:15:24.063536 last=2026-08-01 13:16:23.596379
2026-08-01 16:10:39 | INFO     | services.stats_service:get_timeline:126 - [timeline] group_by=month start=2026-07-02 end=2026-08-01 → 2 rows, first=2026-08-01 13:15:24.063536 last=2026-08-01 13:16:23.596379
2026-08-01 16:17:34 | INFO     | services.stats_service:get_timeline:126 - [timeline] group_by=week start=2026-07-02 end=2026-08-01 → 2 rows, first=2026-08-01 13:15:24.063536 last=2026-08-01 13:16:23.596379
2026-08-01 16:17:34 | INFO     | services.stats_service:get_timeline:126 - [timeline] group_by=month start=2026-07-02 end=2026-08-01 → 2 rows, first=2026-08-01 13:15:24.063536 last=2026-08-01 13:16:23.596379
2026-08-01 16:17:37 | INFO     | services.stats_service:get_timeline:126 - [timeline] group_by=month start=2026-07-02 end=2026-08-01 → 2 rows, first=2026-08-01 13:15:24.063536 last=2026-08-01 13:16:23.596379
2026-08-01 16:17:37 | INFO     | services.stats_service:get_timeline:126 - [timeline] group_by=week start=2026-07-02 end=2026-08-01 → 2 rows, first=2026-08-01 13:15:24.063536 last=2026-08-01 13:16:23.596379
2026-08-01 16:17:37 | INFO     | services.stats_service:get_timeline:126 - [timeline] group_by=month start=2026-07-02 end=2026-08-01 → 2 rows, first=2026-08-01 13:15:24.063536 last=2026-08-01 13:16:23.596379
2026-08-01 16:17:37 | INFO     | services.stats_service:get_timeline:126 - [timeline] group_by=week start=2026-07-02 end=2026-08-01 → 2 rows, first=2026-08-01 13:15:24.063536 last=2026-08-01 13:16:23.596379
2026-08-01 16:17:40 | INFO     | services.stats_service:get_timeline:126 - [timeline] group_by=week start=2026-07-02 end=2026-08-01 → 2 rows, first=2026-08-01 13:15:24.063536 last=2026-08-01 13:16:23.596379
2026-08-01 16:17:41 | INFO     | services.stats_service:get_timeline:126 - [timeline] group_by=month start=2026-07-02 end=2026-08-01 → 2 rows, first=2026-08-01 13:15:24.063536 last=2026-08-01 13:16:23.596379
2026-08-01 16:55:10 | INFO     | services.stats_service:get_timeline:126 - [timeline] group_by=week start=2026-07-02 end=2026-08-01 → 2 rows, first=2026-08-01 13:15:24.063536 last=2026-08-01 13:16:23.596379
2026-08-01 16:55:10 | INFO     | services.stats_service:get_timeline:126 - [timeline] group_by=month start=2026-07-02 end=2026-08-01 → 2 rows, first=2026-08-01 13:15:24.063536 last=2026-08-01 13:16:23.596379
2026-08-01 16:55:10 | INFO     | services.stats_service:get_timeline:126 - [timeline] group_by=month start=2026-07-02 end=2026-08-01 → 2 rows, first=2026-08-01 13:15:24.063536 last=2026-08-01 13:16:23.596379
2026-08-01 16:55:10 | INFO     | services.stats_service:get_timeline:126 - [timeline] group_by=week start=2026-07-02 end=2026-08-01 → 2 rows, first=2026-08-01 13:15:24.063536 last=2026-08-01 13:16:23.596379
2026-08-01 17:40:24 | INFO     | services.stats_service:get_timeline:126 - [timeline] group_by=month start=2026-07-02 end=2026-08-01 → 2 rows, first=2026-08-01 13:15:24.063536 last=2026-08-01 13:16:23.596379
2026-08-01 17:40:25 | INFO     | services.stats_service:get_timeline:126 - [timeline] group_by=week start=2026-07-02 end=2026-08-01 → 2 rows, first=2026-08-01 13:15:24.063536 last=2026-08-01 13:16:23.596379
2026-08-01 17:49:06 | INFO     | services.stats_service:get_timeline:126 - [timeline] group_by=week start=2026-07-02 end=2026-08-01 → 2 rows, first=2026-08-01 13:15:24.063536 last=2026-08-01 13:16:23.596379
2026-08-01 17:49:06 | INFO     | services.stats_service:get_timeline:126 - [timeline] group_by=month start=2026-07-02 end=2026-08-01 → 2 rows, first=2026-08-01 13:15:24.063536 last=2026-08-01 13:16:23.596379
2026-08-01 17:50:03 | INFO     | services.stats_service:get_timeline:126 - [timeline] group_by=month start=2026-07-02 end=2026-08-01 → 2 rows, first=2026-08-01 13:15:24.063536 last=2026-08-01 13:16:23.596379
2026-08-01 17:50:03 | INFO     | services.stats_service:get_timeline:126 - [timeline] group_by=week start=2026-07-02 end=2026-08-01 → 2 rows, first=2026-08-01 13:15:24.063536 last=2026-08-01 13:16:23.596379
2026-08-01 17:52:22 | INFO     | services.stats_service:get_timeline:126 - [timeline] group_by=week start=2026-07-02 end=2026-08-01 → 2 rows, first=2026-08-01 13:15:24.063536 last=2026-08-01 13:16:23.596379
2026-08-01 17:52:22 | INFO     | services.stats_service:get_timeline:126 - [timeline] group_by=month start=2026-07-02 end=2026-08-01 → 2 rows, first=2026-08-01 13:15:24.063536 last=2026-08-01 13:16:23.596379
2026-08-01 17:52:22 | INFO     | services.stats_service:get_timeline:126 - [timeline] group_by=month start=2026-07-02 end=2026-08-01 → 2 rows, first=2026-08-01 13:15:24.063536 last=2026-08-01 13:16:23.596379
2026-08-01 17:52:23 | INFO     | services.stats_service:get_timeline:126 - [timeline] group_by=week start=2026-07-02 end=2026-08-01 → 2 rows, first=2026-08-01 13:15:24.063536 last=2026-08-01 13:16:23.596379
2026-08-01 17:52:24 | INFO     | services.stats_service:get_timeline:126 - [timeline] group_by=week start=2026-07-02 end=2026-08-01 → 2 rows, first=2026-08-01 13:15:24.063536 last=2026-08-01 13:16:23.596379
2026-08-01 17:52:24 | INFO     | services.stats_service:get_timeline:126 - [timeline] group_by=month start=2026-07-02 end=2026-08-01 → 2 rows, first=2026-08-01 13:15:24.063536 last=2026-08-01 13:16:23.596379
2026-08-01 18:39:25 | INFO     | services.stats_service:get_timeline:126 - [timeline] group_by=week start=2026-07-02 end=2026-08-01 → 2 rows, first=2026-08-01 13:15:24.063536 last=2026-08-01 13:16:23.596379
2026-08-01 18:39:25 | INFO     | services.stats_service:get_timeline:126 - [timeline] group_by=month start=2026-07-02 end=2026-08-01 → 2 rows, first=2026-08-01 13:15:24.063536 last=2026-08-01 13:16:23.596379
2026-08-01 18:39:26 | INFO     | services.stats_service:get_timeline:126 - [timeline] group_by=week start=2026-07-02 end=2026-08-01 → 2 rows, first=2026-08-01 13:15:24.063536 last=2026-08-01 13:16:23.596379
2026-08-01 18:39:26 | INFO     | services.stats_service:get_timeline:126 - [timeline] group_by=month start=2026-07-02 end=2026-08-01 → 2 rows, first=2026-08-01 13:15:24.063536 last=2026-08-01 13:16:23.596379
2026-08-01 18:43:12 | INFO     | services.stats_service:get_timeline:126 - [timeline] group_by=week start=2026-07-02 end=2026-08-01 → 2 rows, first=2026-08-01 13:15:24.063536 last=2026-08-01 13:16:23.596379
2026-08-01 18:43:12 | INFO     | services.stats_service:get_timeline:126 - [timeline] group_by=month start=2026-07-02 end=2026-08-01 → 2 rows, first=2026-08-01 13:15:24.063536 last=2026-08-01 13:16:23.596379
2026-08-01 18:43:12 | INFO     | services.stats_service:get_timeline:126 - [timeline] group_by=month start=2026-07-02 end=2026-08-01 → 2 rows, first=2026-08-01 13:15:24.063536 last=2026-08-01 13:16:23.596379
2026-08-01 18:43:12 | INFO     | services.stats_service:get_timeline:126 - [timeline] group_by=week start=2026-07-02 end=2026-08-01 → 2 rows, first=2026-08-01 13:15:24.063536 last=2026-08-01 13:16:23.596379
2026-08-01 19:24:53 | INFO     | services.stats_service:get_timeline:126 - [timeline] group_by=month start=2026-07-02 end=2026-08-01 → 2 rows, first=2026-08-01 13:15:24.063536 last=2026-08-01 13:16:23.596379
2026-08-01 19:24:53 | INFO     | services.stats_service:get_timeline:126 - [timeline] group_by=week start=2026-07-02 end=2026-08-01 → 2 rows, first=2026-08-01 13:15:24.063536 last=2026-08-01 13:16:23.596379
2026-08-01 19:25:06 | INFO     | services.stats_service:get_timeline:126 - [timeline] group_by=month start=2026-07-02 end=2026-08-01 → 2 rows, first=2026-08-01 13:15:24.063536 last=2026-08-01 13:16:23.596379
2026-08-01 19:25:06 | INFO     | services.stats_service:get_timeline:126 - [timeline] group_by=week start=2026-07-02 end=2026-08-01 → 2 rows, first=2026-08-01 13:15:24.063536 last=2026-08-01 13:16:23.596379
2026-08-01 19:28:39 | INFO     | services.stats_service:get_timeline:126 - [timeline] group_by=month start=2026-07-02 end=2026-08-01 → 2 rows, first=2026-08-01 13:15:24.063536 last=2026-08-01 13:16:23.596379
2026-08-01 19:28:39 | INFO     | services.stats_service:get_timeline:126 - [timeline] group_by=week start=2026-07-02 end=2026-08-01 → 2 rows, first=2026-08-01 13:15:24.063536 last=2026-08-01 13:16:23.596379
2026-08-01 19:28:40 | INFO     | services.stats_service:get_timeline:126 - [timeline] group_by=month start=2026-07-02 end=2026-08-01 → 2 rows, first=2026-08-01 13:15:24.063536 last=2026-08-01 13:16:23.596379
2026-08-01 19:28:40 | INFO     | services.stats_service:get_timeline:126 - [timeline] group_by=week start=2026-07-02 end=2026-08-01 → 2 rows, first=2026-08-01 13:15:24.063536 last=2026-08-01 13:16:23.596379
2026-08-01 19:44:07 | INFO     | logger:setup_logger:48 - 日志系统初始化完成，日志文件: logs/fuel_records.log
2026-08-01 19:44:15 | INFO     | logger:setup_logger:48 - 日志系统初始化完成，日志文件: logs/fuel_records.log
2026-08-01 19:44:31 | INFO     | services.stats_service:get_timeline:126 - [timeline] group_by=week start=2026-07-02 end=2026-08-01 → 2 rows, first=2026-08-01 13:15:24.063536 last=2026-08-01 13:16:23.596379
2026-08-01 19:44:31 | INFO     | services.stats_service:get_timeline:126 - [timeline] group_by=month start=2026-07-02 end=2026-08-01 → 2 rows, first=2026-08-01 13:15:24.063536 last=2026-08-01 13:16:23.596379
2026-08-01 19:44:33 | INFO     | services.stats_service:get_timeline:126 - [timeline] group_by=week start=2026-07-02 end=2026-08-01 → 2 rows, first=2026-08-01 13:15:24.063536 last=2026-08-01 13:16:23.596379
2026-08-01 19:44:33 | INFO     | services.stats_service:get_timeline:126 - [timeline] group_by=month start=2026-07-02 end=2026-08-01 → 2 rows, first=2026-08-01 13:15:24.063536 last=2026-08-01 13:16:23.596379
2026-08-01 19:44:36 | INFO     | services.stats_service:get_timeline:126 - [timeline] group_by=week start=2026-07-02 end=2026-08-01 → 2 rows, first=2026-08-01 13:15:24.063536 last=2026-08-01 13:16:23.596379
2026-08-01 19:44:36 | INFO     | services.stats_service:get_timeline:126 - [timeline] group_by=month start=2026-07-02 end=2026-08-01 → 2 rows, first=2026-08-01 13:15:24.063536 last=2026-08-01 13:16:23.596379
2026-08-01 19:44:40 | INFO     | services.stats_service:get_timeline:126 - [timeline] group_by=week start=2026-07-02 end=2026-08-01 → 2 rows, first=2026-08-01 13:15:24.063536 last=2026-08-01 13:16:23.596379
2026-08-01 19:44:40 | INFO     | services.stats_service:get_timeline:126 - [timeline] group_by=month start=2026-07-02 end=2026-08-01 → 2 rows, first=2026-08-01 13:15:24.063536 last=2026-08-01 13:16:23.596379
2026-08-01 19:44:41 | INFO     | services.stats_service:get_timeline:126 - [timeline] group_by=week start=2026-07-02 end=2026-08-01 → 2 rows, first=2026-08-01 13:15:24.063536 last=2026-08-01 13:16:23.596379
2026-08-01 19:44:41 | INFO     | services.stats_service:get_timeline:126 - [timeline] group_by=month start=2026-07-02 end=2026-08-01 → 2 rows, first=2026-08-01 13:15:24.063536 last=2026-08-01 13:16:23.596379
2026-08-01 19:44:44 | INFO     | services.stats_service:get_timeline:126 - [timeline] group_by=week start=2026-07-02 end=2026-08-01 → 2 rows, first=2026-08-01 13:15:24.063536 last=2026-08-01 13:16:23.596379
2026-08-01 19:44:44 | INFO     | services.stats_service:get_timeline:126 - [timeline] group_by=month start=2026-07-02 end=2026-08-01 → 2 rows, first=2026-08-01 13:15:24.063536 last=2026-08-01 13:16:23.596379
2026-08-01 19:44:45 | INFO     | services.stats_service:get_timeline:126 - [timeline] group_by=week start=2026-07-02 end=2026-08-01 → 2 rows, first=2026-08-01 13:15:24.063536 last=2026-08-01 13:16:23.596379
2026-08-01 19:44:45 | INFO     | services.stats_service:get_timeline:126 - [timeline] group_by=month start=2026-07-02 end=2026-08-01 → 2 rows, first=2026-08-01 13:15:24.063536 last=2026-08-01 13:16:23.596379
2026-08-01 19:44:49 | INFO     | services.stats_service:get_timeline:126 - [timeline] group_by=month start=2026-07-02 end=2026-08-01 → 2 rows, first=2026-08-01 13:15:24.063536 last=2026-08-01 13:16:23.596379
2026-08-01 19:44:49 | INFO     | services.stats_service:get_timeline:126 - [timeline] group_by=week start=2026-07-02 end=2026-08-01 → 2 rows, first=2026-08-01 13:15:24.063536 last=2026-08-01 13:16:23.596379
2026-08-01 19:44:49 | INFO     | services.stats_service:get_timeline:126 - [timeline] group_by=week start=2026-07-02 end=2026-08-01 → 2 rows, first=2026-08-01 13:15:24.063536 last=2026-08-01 13:16:23.596379
2026-08-01 19:44:49 | INFO     | services.stats_service:get_timeline:126 - [timeline] group_by=month start=2026-07-02 end=2026-08-01 → 2 rows, first=2026-08-01 13:15:24.063536 last=2026-08-01 13:16:23.596379
2026-08-01 19:44:55 | INFO     | services.stats_service:get_timeline:126 - [timeline] group_by=week start=2026-07-02 end=2026-08-01 → 2 rows, first=2026-08-01 13:15:24.063536 last=2026-08-01 13:16:23.596379
2026-08-01 19:44:55 | INFO     | services.stats_service:get_timeline:126 - [timeline] group_by=month start=2026-07-02 end=2026-08-01 → 2 rows, first=2026-08-01 13:15:24.063536 last=2026-08-01 13:16:23.596379
2026-08-01 19:44:56 | INFO     | services.stats_service:get_timeline:126 - [timeline] group_by=week start=2026-07-02 end=2026-08-01 → 2 rows, first=2026-08-01 13:15:24.063536 last=2026-08-01 13:16:23.596379
2026-08-01 19:44:56 | INFO     | services.stats_service:get_timeline:126 - [timeline] group_by=month start=2026-07-02 end=2026-08-01 → 2 rows, first=2026-08-01 13:15:24.063536 last=2026-08-01 13:16:23.596379
2026-08-01 19:52:40 | INFO     | logger:setup_logger:48 - 日志系统初始化完成，日志文件: logs/fuel_records.log
2026-08-01 19:52:40 | INFO     | logger:setup_logger:48 - 日志系统初始化完成，日志文件: logs/fuel_records.log
2026-08-01 19:52:40 | INFO     | main:lifespan:19 - 应用启动中...
2026-08-01 19:52:42 | INFO     | database:init_db:80 - 数据库迁移已完成（Alembic upgrade head）
2026-08-01 19:52:42 | INFO     | main:lifespan:21 - 应用启动完成
2026-08-01 19:52:42 | INFO     | main:lifespan:23 - 应用关闭
2026-08-01 19:52:47 | INFO     | logger:setup_logger:48 - 日志系统初始化完成，日志文件: logs/fuel_records.log
2026-08-01 19:52:47 | INFO     | logger:setup_logger:48 - 日志系统初始化完成，日志文件: logs/fuel_records.log
2026-08-01 19:52:47 | INFO     | main:lifespan:19 - 应用启动中...
2026-08-01 19:52:49 | INFO     | database:init_db:80 - 数据库迁移已完成（Alembic upgrade head）
2026-08-01 19:52:49 | INFO     | main:lifespan:21 - 应用启动完成
2026-08-01 19:52:49 | INFO     | main:lifespan:23 - 应用关闭
2026-08-01 19:54:23 | INFO     | main:lifespan:23 - 应用关闭
2026-08-01 19:54:30 | INFO     | logger:setup_logger:48 - 日志系统初始化完成，日志文件: logs/fuel_records.log
2026-08-01 19:54:30 | INFO     | logger:setup_logger:48 - 日志系统初始化完成，日志文件: logs/fuel_records.log
2026-08-01 19:54:30 | INFO     | main:lifespan:19 - 应用启动中...
2026-08-01 19:54:32 | INFO     | database:init_db:80 - 数据库迁移已完成（Alembic upgrade head）
2026-08-01 19:54:32 | INFO     | main:lifespan:21 - 应用启动完成
2026-08-01 20:27:02 | INFO     | logger:setup_logger:48 - 日志系统初始化完成，日志文件: logs/fuel_records.log
2026-08-01 20:27:02 | INFO     | logger:setup_logger:48 - 日志系统初始化完成，日志文件: logs/fuel_records.log
2026-08-01 20:27:03 | INFO     | main:lifespan:19 - 应用启动中...
2026-08-01 20:27:05 | INFO     | database:init_db:80 - 数据库迁移已完成（Alembic upgrade head）
2026-08-01 20:27:05 | INFO     | main:lifespan:21 - 应用启动完成
2026-08-01 20:44:03 | INFO     | main:lifespan:23 - 应用关闭
2026-08-02 08:55:03 | INFO     | logger:setup_logger:48 - 日志系统初始化完成，日志文件: logs/fuel_records.log
2026-08-02 08:55:03 | INFO     | logger:setup_logger:48 - 日志系统初始化完成，日志文件: logs/fuel_records.log
2026-08-02 08:55:03 | INFO     | main:lifespan:19 - 应用启动中...
2026-08-02 08:55:06 | INFO     | database:init_db:80 - 数据库迁移已完成（Alembic upgrade head）
2026-08-02 08:55:06 | INFO     | main:lifespan:21 - 应用启动完成
2026-08-02 09:56:12 | INFO     | logger:setup_logger:48 - 日志系统初始化完成，日志文件: logs/fuel_records.log
2026-08-02 09:56:12 | INFO     | logger:setup_logger:48 - 日志系统初始化完成，日志文件: logs/fuel_records.log
2026-08-02 09:56:12 | INFO     | main:lifespan:19 - 应用启动中...
2026-08-02 09:56:14 | INFO     | database:init_db:80 - 数据库迁移已完成（Alembic upgrade head）
2026-08-02 09:56:14 | INFO     | main:lifespan:21 - 应用启动完成
2026-08-02 09:56:18 | INFO     | logger:setup_logger:48 - 日志系统初始化完成，日志文件: logs/fuel_records.log
2026-08-02 09:56:35 | INFO     | main:lifespan:23 - 应用关闭
2026-08-02 09:56:36 | INFO     | logger:setup_logger:48 - 日志系统初始化完成，日志文件: logs/fuel_records.log
2026-08-02 09:56:36 | INFO     | logger:setup_logger:48 - 日志系统初始化完成，日志文件: logs/fuel_records.log
2026-08-02 09:56:36 | INFO     | main:lifespan:19 - 应用启动中...
2026-08-02 09:56:38 | INFO     | database:init_db:80 - 数据库迁移已完成（Alembic upgrade head）
2026-08-02 09:56:38 | INFO     | main:lifespan:21 - 应用启动完成
2026-08-02 09:56:38 | INFO     | main:lifespan:23 - 应用关闭
2026-08-02 09:56:38 | INFO     | logger:setup_logger:48 - 日志系统初始化完成，日志文件: logs/fuel_records.log
2026-08-02 09:56:38 | INFO     | logger:setup_logger:48 - 日志系统初始化完成，日志文件: logs/fuel_records.log
2026-08-02 09:56:38 | INFO     | main:lifespan:19 - 应用启动中...
2026-08-02 09:56:40 | INFO     | database:init_db:80 - 数据库迁移已完成（Alembic upgrade head）
2026-08-02 09:56:40 | INFO     | main:lifespan:21 - 应用启动完成
2026-08-02 09:56:44 | INFO     | main:lifespan:23 - 应用关闭
2026-08-02 09:56:44 | INFO     | logger:setup_logger:48 - 日志系统初始化完成，日志文件: logs/fuel_records.log
2026-08-02 09:56:44 | INFO     | logger:setup_logger:48 - 日志系统初始化完成，日志文件: logs/fuel_records.log
2026-08-02 09:56:44 | INFO     | main:lifespan:19 - 应用启动中...
2026-08-02 09:56:46 | INFO     | database:init_db:80 - 数据库迁移已完成（Alembic upgrade head）
2026-08-02 09:56:46 | INFO     | main:lifespan:21 - 应用启动完成
2026-08-02 09:56:52 | INFO     | logger:setup_logger:48 - 日志系统初始化完成，日志文件: logs/fuel_records.log
2026-08-02 10:41:47 | INFO     | logger:setup_logger:48 - 日志系统初始化完成，日志文件: logs/fuel_records.log
2026-08-02 10:41:47 | INFO     | logger:setup_logger:48 - 日志系统初始化完成，日志文件: logs/fuel_records.log
2026-08-02 10:41:47 | INFO     | main:lifespan:19 - 应用启动中...
2026-08-02 10:41:51 | INFO     | database:init_db:80 - 数据库迁移已完成（Alembic upgrade head）
2026-08-02 10:41:51 | INFO     | main:lifespan:21 - 应用启动完成
2026-08-02 10:42:01 | INFO     | main:lifespan:23 - 应用关闭
2026-08-02 10:42:01 | INFO     | logger:setup_logger:48 - 日志系统初始化完成，日志文件: logs/fuel_records.log
2026-08-02 10:42:01 | INFO     | logger:setup_logger:48 - 日志系统初始化完成，日志文件: logs/fuel_records.log
2026-08-02 10:42:01 | INFO     | main:lifespan:19 - 应用启动中...
2026-08-02 10:42:03 | INFO     | database:init_db:80 - 数据库迁移已完成（Alembic upgrade head）
2026-08-02 10:42:03 | INFO     | main:lifespan:21 - 应用启动完成
2026-08-02 10:42:05 | INFO     | main:lifespan:23 - 应用关闭
2026-08-02 10:42:06 | INFO     | logger:setup_logger:48 - 日志系统初始化完成，日志文件: logs/fuel_records.log
2026-08-02 10:42:06 | INFO     | logger:setup_logger:48 - 日志系统初始化完成，日志文件: logs/fuel_records.log
2026-08-02 10:42:06 | INFO     | main:lifespan:19 - 应用启动中...
2026-08-02 10:42:09 | INFO     | database:init_db:80 - 数据库迁移已完成（Alembic upgrade head）
2026-08-02 10:42:09 | INFO     | main:lifespan:21 - 应用启动完成
2026-08-02 10:47:54 | INFO     | main:lifespan:23 - 应用关闭
2026-08-02 10:47:54 | INFO     | logger:setup_logger:48 - 日志系统初始化完成，日志文件: logs/fuel_records.log
2026-08-02 10:47:54 | INFO     | logger:setup_logger:48 - 日志系统初始化完成，日志文件: logs/fuel_records.log
2026-08-02 10:47:54 | INFO     | main:lifespan:19 - 应用启动中...
2026-08-02 10:47:57 | INFO     | database:init_db:80 - 数据库迁移已完成（Alembic upgrade head）
2026-08-02 10:47:57 | INFO     | main:lifespan:21 - 应用启动完成
2026-08-02 12:27:59 | INFO     | main:lifespan:23 - 应用关闭
2026-08-02 12:33:11 | INFO     | logger:setup_logger:48 - 日志系统初始化完成，日志文件: logs/fuel_records.log
2026-08-02 12:33:11 | INFO     | logger:setup_logger:48 - 日志系统初始化完成，日志文件: logs/fuel_records.log
2026-08-02 12:33:11 | INFO     | main:lifespan:19 - 应用启动中...
2026-08-02 12:33:17 | INFO     | database:init_db:80 - 数据库迁移已完成（Alembic upgrade head）
2026-08-02 12:33:17 | INFO     | main:lifespan:21 - 应用启动完成
2026-08-02 12:45:15 | INFO     | main:lifespan:23 - 应用关闭
2026-08-02 12:45:15 | INFO     | logger:setup_logger:48 - 日志系统初始化完成，日志文件: logs/fuel_records.log
2026-08-02 12:45:15 | INFO     | database:<module>:79 - 双数据库模式：正式库 + 测试库均已就绪
2026-08-02 12:45:15 | INFO     | logger:setup_logger:48 - 日志系统初始化完成，日志文件: logs/fuel_records.log
2026-08-02 12:45:15 | INFO     | main:lifespan:19 - 应用启动中...
2026-08-02 12:45:15 | INFO     | database:init_db:133 - 正在运行数据库迁移（正式库）...
2026-08-02 12:45:20 | INFO     | database:init_db:135 - 正式库迁移完成
2026-08-02 12:45:20 | INFO     | database:init_db:138 - 正在运行数据库迁移（测试库）...
2026-08-02 12:45:30 | INFO     | database:init_db:140 - 测试库迁移完成
2026-08-02 12:45:30 | INFO     | main:lifespan:21 - 应用启动完成
2026-08-02 12:46:38 | INFO     | logger:setup_logger:48 - 日志系统初始化完成，日志文件: logs/fuel_records.log
2026-08-02 12:46:38 | INFO     | database:<module>:79 - 双数据库模式：正式库 + 测试库均已就绪
2026-08-02 12:46:47 | INFO     | logger:setup_logger:48 - 日志系统初始化完成，日志文件: logs/fuel_records.log
2026-08-02 12:46:47 | INFO     | database:<module>:79 - 双数据库模式：正式库 + 测试库均已就绪
2026-08-02 12:46:47 | INFO     | logger:setup_logger:48 - 日志系统初始化完成，日志文件: logs/fuel_records.log
2026-08-02 12:46:47 | INFO     | main:lifespan:19 - 应用启动中...
2026-08-02 12:46:47 | INFO     | database:init_db:133 - 正在运行数据库迁移（正式库）...
2026-08-02 12:46:52 | INFO     | database:init_db:135 - 正式库迁移完成
2026-08-02 12:46:52 | INFO     | database:init_db:138 - 正在运行数据库迁移（测试库）...
2026-08-02 12:46:57 | INFO     | database:init_db:140 - 测试库迁移完成
2026-08-02 12:46:57 | INFO     | main:lifespan:21 - 应用启动完成
2026-08-02 12:53:11 | INFO     | main:lifespan:23 - 应用关闭
2026-08-02 12:53:12 | INFO     | logger:setup_logger:48 - 日志系统初始化完成，日志文件: logs/fuel_records.log
2026-08-02 12:53:12 | INFO     | database:<module>:79 - 双数据库模式：正式库 + 测试库均已就绪
2026-08-02 12:53:12 | INFO     | logger:setup_logger:48 - 日志系统初始化完成，日志文件: logs/fuel_records.log
2026-08-02 12:53:12 | INFO     | main:lifespan:19 - 应用启动中...
2026-08-02 12:53:12 | INFO     | database:init_db:133 - 正在运行数据库迁移（正式库）...
2026-08-02 12:53:24 | INFO     | database:init_db:135 - 正式库迁移完成
2026-08-02 12:53:24 | INFO     | database:init_db:138 - 正在运行数据库迁移（测试库）...
2026-08-02 12:53:32 | INFO     | database:init_db:140 - 测试库迁移完成
2026-08-02 12:53:32 | INFO     | main:lifespan:21 - 应用启动完成
2026-08-02 13:01:13 | INFO     | logger:setup_logger:48 - 日志系统初始化完成，日志文件: logs/fuel_records.log
2026-08-02 13:01:13 | INFO     | database:<module>:79 - 双数据库模式：正式库 + 测试库均已就绪
2026-08-02 13:01:13 | INFO     | logger:setup_logger:48 - 日志系统初始化完成，日志文件: logs/fuel_records.log
2026-08-02 13:01:13 | INFO     | main:lifespan:19 - 应用启动中...
2026-08-02 13:01:13 | INFO     | database:init_db:133 - 正在运行数据库迁移（正式库）...
2026-08-02 13:01:18 | INFO     | database:init_db:135 - 正式库迁移完成
2026-08-02 13:01:18 | INFO     | database:init_db:138 - 正在运行数据库迁移（测试库）...
2026-08-02 13:01:24 | INFO     | database:init_db:140 - 测试库迁移完成
2026-08-02 13:01:24 | INFO     | main:lifespan:21 - 应用启动完成
2026-08-02 13:28:21 | INFO     | logger:setup_logger:48 - 日志系统初始化完成，日志文件: logs/fuel_records.log
2026-08-02 13:28:21 | INFO     | database:<module>:79 - 双数据库模式：正式库 + 测试库均已就绪
2026-08-02 13:28:21 | INFO     | logger:setup_logger:48 - 日志系统初始化完成，日志文件: logs/fuel_records.log
2026-08-02 13:28:21 | INFO     | main:lifespan:19 - 应用启动中...
2026-08-02 13:28:21 | INFO     | database:init_db:133 - 正在运行数据库迁移（正式库）...
2026-08-02 13:28:25 | INFO     | database:init_db:135 - 正式库迁移完成
2026-08-02 13:28:25 | INFO     | database:init_db:138 - 正在运行数据库迁移（测试库）...
2026-08-02 13:28:32 | INFO     | database:init_db:140 - 测试库迁移完成
2026-08-02 13:28:32 | INFO     | main:lifespan:21 - 应用启动完成
2026-08-04 08:29:07 | INFO     | logger:setup_logger:48 - 日志系统初始化完成，日志文件: logs/fuel_records.log
2026-08-04 08:29:07 | INFO     | database:<module>:75 - 双数据库模式：正式库 + 测试库均已就绪
2026-08-04 08:29:14 | INFO     | logger:setup_logger:48 - 日志系统初始化完成，日志文件: logs/fuel_records.log
2026-08-04 08:29:14 | INFO     | database:<module>:75 - 双数据库模式：正式库 + 测试库均已就绪
2026-08-04 08:30:00 | INFO     | logger:setup_logger:48 - 日志系统初始化完成，日志文件: logs/fuel_records.log
2026-08-04 08:30:00 | INFO     | database:<module>:75 - 双数据库模式：正式库 + 测试库均已就绪
2026-08-04 08:41:00 | INFO     | logger:setup_logger:48 - 日志系统初始化完成，日志文件: logs/fuel_records.log
2026-08-04 08:41:00 | INFO     | database:<module>:75 - 双数据库模式：正式库 + 测试库均已就绪
2026-08-04 09:08:21 | INFO     | logger:setup_logger:48 - 日志系统初始化完成，日志文件: logs/fuel_records.log
2026-08-04 09:08:21 | INFO     | database:<module>:75 - 双数据库模式：正式库 + 测试库均已就绪
2026-08-04 09:14:29 | INFO     | logger:setup_logger:48 - 日志系统初始化完成，日志文件: logs/fuel_records.log
2026-08-04 09:14:29 | INFO     | database:<module>:75 - 双数据库模式：正式库 + 测试库均已就绪
2026-08-04 09:20:32 | INFO     | logger:setup_logger:48 - 日志系统初始化完成，日志文件: logs/fuel_records.log
2026-08-04 09:20:32 | INFO     | database:<module>:69 - 双数据库模式：正式库 + 测试库均已就绪
2026-08-04 09:24:21 | INFO     | logger:setup_logger:48 - 日志系统初始化完成，日志文件: logs/fuel_records.log
2026-08-04 09:24:21 | INFO     | database:<module>:69 - 双数据库模式：正式库 + 测试库均已就绪
2026-08-04 09:29:52 | INFO     | logger:setup_logger:48 - 日志系统初始化完成，日志文件: logs/fuel_records.log
2026-08-04 09:29:52 | INFO     | database:<module>:69 - 双数据库模式：正式库 + 测试库均已就绪
2026-08-04 09:34:39 | INFO     | logger:setup_logger:48 - 日志系统初始化完成，日志文件: logs/fuel_records.log
2026-08-04 09:34:39 | INFO     | database:<module>:69 - 双数据库模式：正式库 + 测试库均已就绪
2026-08-04 10:13:42 | INFO     | logger:setup_logger:48 - 日志系统初始化完成，日志文件: logs/fuel_records.log
2026-08-04 10:13:42 | INFO     | database:<module>:62 - 双数据库模式：正式库 + 测试库均已就绪
2026-08-04 10:30:23 | INFO     | logger:setup_logger:48 - 日志系统初始化完成，日志文件: logs/fuel_records.log
2026-08-04 10:30:23 | INFO     | database:<module>:62 - 双数据库模式：正式库 + 测试库均已就绪
2026-08-04 10:45:28 | INFO     | logger:setup_logger:48 - 日志系统初始化完成，日志文件: logs/fuel_records.log
2026-08-04 10:45:28 | INFO     | database:<module>:62 - 双数据库模式：正式库 + 测试库均已就绪
2026-08-04 11:27:39 | INFO     | logger:setup_logger:48 - 日志系统初始化完成，日志文件: logs/fuel_records.log
2026-08-04 11:27:39 | INFO     | database:<module>:62 - 双数据库模式：正式库 + 测试库均已就绪
2026-08-04 11:50:37 | INFO     | logger:setup_logger:48 - 日志系统初始化完成，日志文件: logs/fuel_records.log
2026-08-04 11:50:37 | INFO     | database:<module>:62 - 双数据库模式：正式库 + 测试库均已就绪
2026-08-04 11:59:45 | INFO     | logger:setup_logger:48 - 日志系统初始化完成，日志文件: logs/fuel_records.log
2026-08-04 11:59:45 | INFO     | database:<module>:62 - 双数据库模式：正式库 + 测试库均已就绪
2026-08-06 08:35:57 | INFO     | logger:setup_logger:48 - 日志系统初始化完成，日志文件: logs/fuel_records.log
2026-08-06 08:35:57 | INFO     | database:<module>:62 - 双数据库模式：正式库 + 测试库均已就绪
2026-08-06 08:35:57 | INFO     | logger:setup_logger:48 - 日志系统初始化完成，日志文件: logs/fuel_records.log
2026-08-06 08:35:57 | INFO     | main:lifespan:19 - 应用启动中...
2026-08-06 08:35:57 | INFO     | database:init_db:116 - 正在运行数据库迁移（正式库）...
2026-08-06 08:36:00 | INFO     | database:init_db:118 - 正式库迁移完成
2026-08-06 08:36:00 | INFO     | database:init_db:121 - 正在运行数据库迁移（测试库）...
2026-08-06 08:36:02 | INFO     | database:init_db:123 - 测试库迁移完成
2026-08-06 08:36:02 | INFO     | main:lifespan:21 - 应用启动完成
2026-08-06 09:38:08 | INFO     | main:lifespan:23 - 应用关闭
2026-08-07 17:43:55 | INFO     | logger:setup_logger:48 - 日志系统初始化完成，日志文件: logs/fuel_records.log
2026-08-07 17:43:56 | INFO     | database:<module>:62 - 双数据库模式：正式库 + 测试库均已就绪
